******************************************************************************
                  TI ARM Linker PC v5.1.1                      
******************************************************************************
>> Linked Wed Mar 19 01:12:15 2014

OUTPUT FILE NAME:   <micromouse.out>
ENTRY POINT SYMBOL: "_c_int00"  address: 000053c5


MEMORY CONFIGURATION

         name            origin    length      used     unused   attr    fill
----------------------  --------  ---------  --------  --------  ----  --------
  FLASH                 00000000   00040000  00009ea6  0003615a  R  X
  SRAM                  20000000   00008000  0000466c  00003994  RW X


SEGMENT ALLOCATION MAP

run origin  load origin   length   init length attrs members
----------  ----------- ---------- ----------- ----- -------
00000000    00000000    00009ea8   00009ea8    r-x
  00000000    00000000    00000360   00000360    r-- .resetVecs
  00000360    00000360    00006a20   00006a20    r-x .text
  00006d80    00006d80    00002bde   00002bde    r-- .const
  00009960    00009960    00000548   00000548    r-- .cinit
20000000    20000000    0000466c   00000000    rw-
  20000000    20000000    00000360   00000000    rw- .vecs
  20000360    20000360    000028b0   00000000    rw- .bss
  20002c10    20002c10    00001000   00000000    rw- .stack
  20003c10    20003c10    00000a5c   00000000    rw- .data


SECTION ALLOCATION MAP

 output                                  attributes/
section   page    origin      length       input sections
--------  ----  ----------  ----------   ----------------
.bootVecs 
*          0    00000000    00000008     DSECT
                  00000000    00000008     boot.aem4f : boot.oem4f (.bootVecs)

.resetVecs 
*          0    00000000    00000360     
                  00000000    00000360     micromouse_pem4f.oem4f (.resetVecs)

xdc.meta   0    00000000    000000e8     COPY SECTION
                  00000000    000000e8     micromouse_pem4f.oem4f (xdc.meta)

.text      0    00000360    00006a20     
                  00000360    00000424     sysbios.aem4f : BIOS.obj (.text:ti_sysbios_family_arm_m3_Hwi_excDumpRegs__I)
                  00000784    00000344     ti.targets.arm.rtsarm.aem4f : System.oem4f (.text:xdc_runtime_System_doPrint__I)
                  00000ac8    000002e0     sysbios.aem4f : BIOS.obj (.text:ti_sysbios_knl_Semaphore_pend__E)
                  00000da8    000002d4     rtsv7M4_T_le_v4SPD16_eabi.lib : trgdrv.obj (.text)
                  0000107c    00000248     sysbios.aem4f : BIOS.obj (.text:ti_sysbios_heaps_HeapMem_free__E)
                  000012c4    00000234                   : BIOS.obj (.text:ti_sysbios_heaps_HeapMem_alloc__E)
                  000014f8    00000230                   : BIOS.obj (.text:ti_sysbios_family_arm_lm4_Timer_start__E)
                  00001728    00000210                   : BIOS.obj (.text:ti_sysbios_family_arm_m3_Hwi_excHandlerMax__I)
                  00001938    000001a0     ti.uia.runtime.aem4f : LoggerStopMode.oem4f (.text:ti_uia_runtime_LoggerStopMode_write8__E)
                  00001ad8    00000168     sysbios.aem4f : BIOS.obj (.text:ti_sysbios_family_arm_m3_Hwi_excBusFault__I)
                  00001c40    0000015c     ti.uia.runtime.aem4f : LoggerStopMode.oem4f (.text:ti_uia_runtime_LoggerStopMode_writeMemoryRange__E)
                  00001d9c    00000154     sysbios.aem4f : BIOS.obj (.text:ti_sysbios_family_arm_m3_Hwi_excUsageFault__I)
                  00001ef0    00000144                   : BIOS.obj (.text:ti_sysbios_knl_Semaphore_post__E)
                  00002034    00000140                   : BIOS.obj (.text:ti_sysbios_family_arm_m3_Hwi_dispatchC__I)
                  00002174    00000140                   : BIOS.obj (.text:ti_sysbios_family_arm_m3_Hwi_excMemFault__I)
                  000022b4    0000013c     ti.uia.runtime.aem4f : LoggerStopMode.oem4f (.text:ti_uia_runtime_LoggerStopMode_write4__E)
                  000023f0    0000013c     ti.targets.arm.rtsarm.aem4f : Error.oem4f (.text:xdc_runtime_Error_raiseX__F)
                  0000252c    00000138     sysbios.aem4f : BIOS.obj (.text:ti_sysbios_heaps_HeapMem_Instance_init__F)
                  00002664    00000134                   : m3_Hwi_asm.obj (.text:ti_sysbios_family_arm_m3_Hwi_dispatch__I)
                  00002798    00000130     driverlib.lib : gpio.obj (.text:GPIOPadConfigSet)
                  000028c8    0000012c     sysbios.aem4f : BIOS.obj (.text:ti_sysbios_family_arm_lm4_TimestampProvider_get64__E)
                  000029f4    0000012c                   : BIOS.obj (.text:ti_sysbios_knl_Clock_workFunc__E)
                  00002b20    00000120                   : BIOS.obj (.text:ti_sysbios_knl_Swi_run__I)
                  00002c40    00000120                   : BIOS.obj (.text:ti_sysbios_utils_Load_logLoads__I)
                  00002d60    00000110                   : BIOS.obj (.text:ti_sysbios_utils_Load_updateThreadContexts__E)
                  00002e70    0000010c     Boot.aem4f : Boot_sysctl.oem4f (.text:ti_catalog_arm_cortexm4_tiva_ce_Boot_sysCtlClockSetI__I)
                  00002f7c    0000010c     sysbios.aem4f : BIOS.obj (.text:ti_sysbios_knl_Task_exit__E)
                  00003088    00000104     ti.targets.arm.rtsarm.aem4f : Core-mem.oem4f (.text:xdc_runtime_Core_createObject__I)
                  0000318c    00000104     micromouse_pem4f.oem4f (.text:xdc_runtime_System_printfExtend__I)
                  00003290    000000fc     rtsv7M4_T_le_v4SPD16_eabi.lib : fd_mul_t2.obj (.text)
                  0000338c    000000fc     sysbios.aem4f : BIOS.obj (.text:ti_sysbios_knl_Task_schedule__I)
                  00003488    000000f8                   : BIOS.obj (.text:ti_sysbios_knl_Task_startCore__E)
                  00003580    000000f8     ti.targets.arm.rtsarm.aem4f : Startup.oem4f (.text:xdc_runtime_Startup_startMods__I)
                  00003678    000000f4     rtsv7M4_T_le_v4SPD16_eabi.lib : dtor_list.obj (.text)
                  0000376c    000000f4     sysbios.aem4f : BIOS.obj (.text:ti_sysbios_knl_Task_postInit__I)
                  00003860    000000e8     gpio_tivaware.aem4f : GPIO.oem4f (.text:GPIO_write)
                  00003948    000000e8     sysbios.aem4f : BIOS.obj (.text:ti_sysbios_family_arm_m3_Hwi_initNVIC__E)
                  00003a30    000000e8     motor.obj (.text:update_motor)
                  00003b18    000000e0     motor.obj (.text:motors_init)
                  00003bf8    000000bc     sysbios.aem4f : BIOS.obj (.text:ti_sysbios_knl_Task_unblockI__E)
                  00003cb4    000000b8                   : BIOS.obj (.text:ti_sysbios_family_arm_lm4_TimestampProvider_get32__E)
                  00003d6c    000000b4                   : BIOS.obj (.text:ti_sysbios_family_arm_m3_Hwi_excHardFault__I)
                  00003e20    000000b4                   : BIOS.obj (.text:ti_sysbios_gates_GateMutex_enter__E)
                  00003ed4    000000b4                   : BIOS.obj (.text:ti_sysbios_knl_Task_checkStacks__E)
                  00003f88    000000b0                   : BIOS.obj (.text:ti_sysbios_family_arm_m3_Hwi_excDebugMon__I)
                  00004038    000000b0                   : BIOS.obj (.text:ti_sysbios_utils_Load_idleFxn__E)
                  000040e8    000000b0                   : BIOS.obj (.text:ti_sysbios_utils_Load_updateLoads__E)
                  00004198    000000ac                   : BIOS.obj (.text:ti_sysbios_family_arm_lm4_Timer_enableTiva__I)
                  00004244    000000a8                   : BIOS.obj (.text:ti_sysbios_knl_Semaphore_Instance_init__F)
                  000042ec    000000a8                   : BIOS.obj (.text:ti_sysbios_knl_Swi_post__E)
                  00004394    000000a8                   : BIOS.obj (.text:ti_sysbios_knl_Task_blockI__E)
                  0000443c    000000a4                   : BIOS.obj (.text:ti_sysbios_family_arm_lm4_Timer_enableTimers__I)
                  000044e0    000000a4                   : BIOS.obj (.text:ti_sysbios_family_arm_m3_Hwi_Module_startup__F)
                  00004584    000000a0     auto_init.aem4f : auto_init.oem4f (.text)
                  00004624    0000009c     rtsv7M4_T_le_v4SPD16_eabi.lib : memcpy_t2.obj (.text)
                  000046c0    0000009a     ti.targets.arm.rtsarm.aem4f : Text.oem4f (.text:xdc_runtime_Text_putSite__F)
                  0000475a    00000002     sysbios.aem4f : BIOS.obj (.text:ti_sysbios_BIOS_nullFunc__I)
                  0000475c    00000094     main.obj (.text:main)
                  000047f0    00000094     Boot.aem4f : Boot.oem4f (.text:ti_catalog_arm_cortexm4_tiva_ce_Boot_sysCtlClockSet__E)
                  00004884    00000094     ti.targets.arm.rtsarm.aem4f : Text.oem4f (.text:xdc_runtime_Text_putMod__F)
                  00004918    0000008c     sysbios.aem4f : m3_TaskSupport_asm.obj (.text:ti_sysbios_family_arm_m3_TaskSupport_buildTaskStack)
                  000049a4    00000084                   : BIOS.obj (.text:ti_sysbios_knl_Task_Module_startup__F)
                  00004a28    00000084     ti.uia.runtime.aem4f : LoggerStopMode.oem4f (.text:ti_uia_runtime_LoggerStopMode_setFilterLevel__E)
                  00004aac    0000007e                          : LoggerStopMode.oem4f (.text:ti_uia_runtime_LoggerStopMode_getContents__E)
                  00004b2a    00000078     rtsv7M4_T_le_v4SPD16_eabi.lib : memset_t2.obj (.text)
                  00004ba2    00000002     sysbios.aem4f : BIOS.obj (.text:ti_sysbios_gates_GateHwi_Instance_init__F)
                  00004ba4    00000078                   : BIOS.obj (.text:ti_sysbios_utils_Load_updateCurrentThreadTime__E)
                  00004c1c    00000074                   : BIOS.obj (.text:ti_sysbios_family_arm_lm4_Timer_isrStub__E)
                  00004c90    00000070                   : BIOS.obj (.text:ti_sysbios_utils_Load_taskDeleteHook__E)
                  00004d00    00000070     ti.uia.runtime.aem4f : LoggerStopMode.oem4f (.text:ti_uia_runtime_LoggerStopMode_getFilterLevel__E)
                  00004d70    00000070                          : LoggerStopMode.oem4f (.text:ti_uia_runtime_LoggerStopMode_writeBlockOfMemory__I)
                  00004de0    00000070                          : QueueDescriptor.oem4f (.text:ti_uia_runtime_QueueDescriptor_addToList__E)
                  00004e50    00000070     ti.targets.arm.rtsarm.aem4f : Memory.oem4f (.text:xdc_runtime_Memory_alloc__F)
                  00004ec0    0000006c     sysbios.aem4f : BIOS.obj (.text:ti_sysbios_utils_Load_taskCreateHook__E)
                  00004f2c    0000006c     ti.targets.arm.rtsarm.aem4f : Error.oem4f (.text:xdc_runtime_Error_print__F)
                  00004f98    00000068     sysbios.aem4f : BIOS.obj (.text:ti_sysbios_BIOS_rtsUnlock__I)
                  00005000    00000066     ti.targets.arm.rtsarm.aem4f : Core-mem.oem4f (.text:xdc_runtime_Core_deleteObject__I)
                  00005066    00000002     micromouse_pem4f.oem4f (.text:xdc_runtime_Startup_reset__I)
                  00005068    00000064     sysbios.aem4f : BIOS.obj (.text:ti_sysbios_knl_Clock_logTick__E)
                  000050cc    00000064                   : BIOS.obj (.text:ti_sysbios_utils_Load_logCPULoad__I)
                  00005130    00000060     rtsv7M4_T_le_v4SPD16_eabi.lib : trgmsg.obj (.text)
                  00005190    00000060     sysbios.aem4f : BIOS.obj (.text:ti_sysbios_utils_Load_addTask__E)
                  000051f0    00000060     micromouse_pem4f.oem4f (.text:ti_uia_runtime_LoggerStopMode_Object__create__S)
                  00005250    0000005e     rtsv7M4_T_le_v4SPD16_eabi.lib : copy_decompress_rle.obj (.text)
                  000052ae    00000002     --HOLE-- [fill = 0]
                  000052b0    0000005c     sysbios.aem4f : BIOS.obj (.text:ti_sysbios_family_arm_lm4_Timer_Module_startup__F)
                  0000530c    0000005b     ti.targets.arm.rtsarm.aem4f : Text.oem4f (.text:xdc_runtime_Text_putLab__F)
                  00005367    00000001     --HOLE-- [fill = 0]
                  00005368    0000005a     ti.uia.runtime.aem4f : LoggerStopMode.oem4f (.text:ti_uia_runtime_LoggerStopMode_readBlockOfMemory__I)
                  000053c2    00000002     --HOLE-- [fill = 0]
                  000053c4    00000058     boot.aem4f : boot.oem4f (.text)
                  0000541c    00000058     sysbios.aem4f : BIOS.obj (.text:ti_sysbios_knl_Swi_restoreHwi__E)
                  00005474    00000058                   : BIOS.obj (.text:ti_sysbios_knl_Swi_schedule__I)
                  000054cc    00000054     ti.uia.runtime.aem4f : QueueDescriptor.oem4f (.text:ti_uia_runtime_QueueDescriptor_removeFromList__E)
                  00005520    00000050     sysbios.aem4f : BIOS.obj (.text:ti_sysbios_utils_Load_taskSwitchHook__E)
                  00005570    00000050     ti.targets.arm.rtsarm.aem4f : Startup.oem4f (.text:xdc_runtime_Startup_exec__F)
                  000055c0    00000050                                 : System.oem4f (.text:xdc_runtime_System_formatNum__I)
                  00005610    00000050                                 : Text.oem4f (.text:xdc_runtime_Text_visitRope2__I)
                  00005660    0000004c     sysbios.aem4f : BIOS.obj (.text:ti_sysbios_knl_Swi_runLoop__I)
                  000056ac    00000048     driverlib.lib : gpio.obj (.text:GPIOPinConfigure)
                  000056f4    00000048     rtsv7M4_T_le_v4SPD16_eabi.lib : fd_toi_t2.obj (.text)
                  0000573c    00000048     system.obj (.text:system_init)
                  00005784    00000048     sysbios.aem4f : BIOS.obj (.text:ti_sysbios_BIOS_errorRaiseHook__I)
                  000057cc    00000048                   : BIOS.obj (.text:ti_sysbios_family_arm_m3_Hwi_excReserved__I)
                  00005814    00000048                   : BIOS.obj (.text:ti_sysbios_heaps_HeapMem_getStats__E)
                  0000585c    00000048     ti.targets.arm.rtsarm.aem4f : Assert.oem4f (.text:xdc_runtime_Assert_raise__I)
                  000058a4    00000048                                 : Core-params.oem4f (.text:xdc_runtime_Core_assignParams__I)
                  000058ec    00000046     ti.uia.runtime.aem4f : LoggerStopMode.oem4f (.text:ti_uia_runtime_LoggerStopMode_Instance_init__F)
                  00005932    00000002     --HOLE-- [fill = 0]
                  00005934    00000044     rtsv7M4_T_le_v4SPD16_eabi.lib : cpy_tbl.obj (.text)
                  00005978    00000044                                   : exit.obj (.text)
                  000059bc    00000044     sysbios.aem4f : BIOS.obj (.text:ti_sysbios_family_arm_lm4_Timer_stop__E)
                  00005a00    00000044                   : BIOS.obj (.text:ti_sysbios_family_arm_m3_Hwi_disableInterrupt__E)
                  00005a44    00000044                   : BIOS.obj (.text:ti_sysbios_family_arm_m3_Hwi_enableInterrupt__E)
                  00005a88    00000044                   : BIOS.obj (.text:ti_sysbios_knl_Task_allBlockedFunction__I)
                  00005acc    00000044     ti.uia.runtime.aem4f : LoggerStopMode.oem4f (.text:ti_uia_runtime_LoggerStopMode_filterOutEvent__I)
                  00005b10    00000044                          : LoggerStopMode.oem4f (.text:ti_uia_runtime_LoggerStopMode_reset__F)
                  00005b54    00000044     ti.targets.arm.rtsarm.aem4f : SysMin.oem4f (.text:xdc_runtime_SysMin_flush__F)
                  00005b98    00000042     sysbios.aem4f : BIOS.obj (.text:ti_sysbios_knl_Semaphore_pendTimeout__I)
                  00005bda    00000002     --HOLE-- [fill = 0]
                  00005bdc    00000040     motor.obj (.text:set_pulse_width)
                  00005c1c    00000040     sysbios.aem4f : BIOS.obj (.text:ti_sysbios_family_arm_lm4_Timer_startup__E)
                  00005c5c    00000040     micromouse_pem4f.oem4f (.text:ti_sysbios_knl_Semaphore_Object__create__S)
                  00005c9c    00000040     ti.targets.arm.rtsarm.aem4f : System.oem4f (.text:xdc_runtime_System_atexit__F)
                  00005cdc    0000003c     sysbios.aem4f : BIOS.obj (.text:ti_sysbios_family_arm_m3_Hwi_excSvCall__I)
                  00005d18    0000003c                   : BIOS.obj (.text:ti_sysbios_heaps_HeapMem_init__I)
                  00005d54    0000003c                   : BIOS.obj (.text:ti_sysbios_knl_Swi_startup__E)
                  00005d90    0000003c     ti.targets.arm.rtsarm.aem4f : Text.oem4f (.text:xdc_runtime_Text_xprintf__I)
                  00005dcc    00000038     sysbios.aem4f : BIOS.obj (.text:ti_sysbios_family_arm_m3_Hwi_excNoIsr__I)
                  00005e04    00000038                   : BIOS.obj (.text:ti_sysbios_family_arm_m3_Hwi_getStackInfo__E)
                  00005e3c    00000038                   : BIOS.obj (.text:ti_sysbios_family_arm_m3_TaskSupport_start__E)
                  00005e74    00000038     micromouse_pem4f.oem4f (.text:ti_sysbios_gates_GateHwi_Object__create__S)
                  00005eac    00000038     micromouse_pem4f.oem4f (.text:ti_sysbios_gates_GateMutex_Object__create__S)
                  00005ee4    00000038     micromouse_pem4f.oem4f (.text:ti_sysbios_heaps_HeapMem_Object__create__S)
                  00005f1c    00000038     micromouse_pem4f.oem4f (.text:ti_sysbios_knl_Queue_Object__create__S)
                  00005f54    00000038     ti.targets.arm.rtsarm.aem4f : SysMin.oem4f (.text:xdc_runtime_SysMin_putch__F)
                  00005f8c    00000034     driverlib.lib : sysctl.obj (.text:SysCtlPeripheralEnable)
                  00005fc0    00000034     sysbios.aem4f : BIOS.obj (.text:ti_sysbios_family_arm_m3_Hwi_excNmi__I)
                  00005ff4    00000034                   : BIOS.obj (.text:ti_sysbios_hal_Hwi_checkStack:ti_sysbios_hal_Hwi_checkStack)
                  00006028    00000030     micromouse_pem4f.oem4f (.text:ti_sysbios_BIOS_exitFunc__I)
                  00006058    00000030     sysbios.aem4f : BIOS.obj (.text:ti_sysbios_knl_Idle_run__E)
                  00006088    00000030     ti.targets.arm.rtsarm.aem4f : Core-label.oem4f (.text:xdc_runtime_Core_assignLabel__I)
                  000060b8    00000030                                 : SysMin.oem4f (.text:xdc_runtime_SysMin_abort__F)
                  000060e8    0000002f                                 : Text.oem4f (.text:xdc_runtime_Text_printVisFxn__I)
                  00006117    00000001     --HOLE-- [fill = 0]
                  00006118    0000002e     micromouse_pem4f.oem4f (.text:malloc)
                  00006146    0000002c     sysbios.aem4f : BIOS.obj (.text:ti_sysbios_hal_Hwi_initStack:ti_sysbios_hal_Hwi_initStack)
                  00006172    00000002     --HOLE-- [fill = 0]
                  00006174    0000002c     micromouse_pem4f.oem4f (.text:ti_sysbios_knl_Clock_doTick__I)
                  000061a0    0000002c     sysbios.aem4f : BIOS.obj (.text:ti_sysbios_knl_Task_restore__E)
                  000061cc    0000002c     ti.uia.runtime.aem4f : LoggerStopMode.oem4f (.text:ti_uia_runtime_LoggerStopMode_Module_startup__F)
                  000061f8    0000002c                          : LoggerStopMode.oem4f (.text:ti_uia_runtime_LoggerStopMode_disable__E)
                  00006224    0000002c                          : LoggerStopMode.oem4f (.text:ti_uia_runtime_LoggerStopMode_enable__E)
                  00006250    0000002c     ti.targets.arm.rtsarm.aem4f : System.oem4f (.text:xdc_runtime_System_rtsExit__I)
                  0000627c    0000002c                                 : Text.oem4f (.text:xdc_runtime_Text_cordText__F)
                  000062a8    0000002a     driverlib.lib : gpio.obj (.text:GPIODirModeSet)
                  000062d2    0000002a     ti.targets.arm.rtsarm.aem4f : System.oem4f (.text:xdc_runtime_System_putchar__I)
                  000062fc    00000028     sysbios.aem4f : m3_Hwi_asm_switch.obj (.text:ti_sysbios_family_arm_m3_Hwi_initStacks__E)
                  00006324    00000028                   : BIOS.obj (.text:ti_sysbios_gates_GateMutex_Instance_init__F)
                  0000634c    00000028     ti.uia.runtime.aem4f : LogSync.oem4f (.text:ti_uia_runtime_LogSync_Module_startup__F)
                  00006374    00000028                          : QueueDescriptor.oem4f (.text:ti_uia_runtime_QueueDescriptor_initHeader__E)
                  0000639c    00000026     ti.targets.arm.rtsarm.aem4f : System.oem4f (.text:xdc_runtime_System_avprintf__F)
                  000063c2    00000002     --HOLE-- [fill = 0]
                  000063c4    00000024     gpio_tivaware.aem4f : GPIO.oem4f (.text:GPIO_init)
                  000063e8    00000024     motor.obj (.text:calc_cycles)
                  0000640c    00000024     motor.obj (.text:calc_usec)
                  00006430    00000024     sysbios.aem4f : BIOS.obj (.text:ti_sysbios_BIOS_registerRTSLock__I)
                  00006454    00000024     micromouse_pem4f.oem4f (.text:ti_sysbios_BIOS_startFunc__I)
                  00006478    00000024     sysbios.aem4f : BIOS.obj (.text:ti_sysbios_family_arm_m3_Hwi_doTaskRestore__I)
                  0000649c    00000024     micromouse_pem4f.oem4f (.text:ti_sysbios_gates_GateMutex_Object__delete__S)
                  000064c0    00000024     sysbios.aem4f : BIOS.obj (.text:ti_sysbios_knl_Clock_Module_startup__F)
                  000064e4    00000024                   : BIOS.obj (.text:ti_sysbios_knl_Swi_Module_startup__F)
                  00006508    00000024     ti.uia.runtime.aem4f : LoggerStopMode.oem4f (.text:ti_uia_runtime_LoggerStopMode_Instance_finalize__F)
                  0000652c    00000024     ti.targets.arm.rtsarm.aem4f : System.oem4f (.text:xdc_runtime_System_vprintf__F)
                  00006550    00000022     driverlib.lib : pwm.obj (.text:PWMGenConfigure)
                  00006572    00000022     micromouse_pem4f.oem4f (.text:xdc_runtime_SysMin_output__I)
                  00006594    00000020     rtsv7M4_T_le_v4SPD16_eabi.lib : u_tofd_t2.obj (.text)
                  000065b4    00000020     sysbios.aem4f : m3_Hwi_asm_switch.obj (.text:ti_sysbios_family_xxx_Hwi_switchAndRunFunc)
                  000065d4    00000020     micromouse_pem4f.oem4f (.text:ti_sysbios_gates_GateHwi_Object__delete__S)
                  000065f4    00000020     micromouse_pem4f.oem4f (.text:ti_sysbios_heaps_HeapMem_Object__delete__S)
                  00006614    00000020     micromouse_pem4f.oem4f (.text:ti_sysbios_knl_Semaphore_Object__destruct__S)
                  00006634    00000020     sysbios.aem4f : BIOS.obj (.text:ti_sysbios_knl_Task_enter__I)
                  00006654    00000020     micromouse_pem4f.oem4f (.text:ti_uia_runtime_LoggerStopMode_Object__delete__S)
                  00006674    00000020     ti.targets.arm.rtsarm.aem4f : Registry.oem4f (.text:xdc_runtime_Registry_findById__F)
                  00006694    00000020                                 : SysMin.oem4f (.text:xdc_runtime_SysMin_Module_startup__F)
                  000066b4    0000001e     driverlib.lib : pwm.obj (.text:PWMPulseWidthSet)
                  000066d2    00000002     --HOLE-- [fill = 0]
                  000066d4    0000001c     sysbios.aem4f : BIOS.obj (.text:ti_sysbios_BIOS_rtsLock__I)
                  000066f0    0000001c     micromouse_pem4f.oem4f (.text:ti_sysbios_knl_Queue_Object__destruct__S)
                  0000670c    0000001c     ti.targets.arm.rtsarm.aem4f : Error.oem4f (.text:xdc_runtime_Error_check__F)
                  00006728    0000001c                                 : Memory.oem4f (.text:xdc_runtime_Memory_valloc__F)
                  00006744    0000001c                                 : SysMin.oem4f (.text:xdc_runtime_SysMin_exit__F)
                  00006760    0000001a     micromouse_pem4f.oem4f (.text:ti_sysbios_family_arm_m3_Hwi_Handle__label__S)
                  0000677a    0000001a     micromouse_pem4f.oem4f (.text:ti_sysbios_gates_GateHwi_Handle__label__S)
                  00006794    0000001a     micromouse_pem4f.oem4f (.text:ti_sysbios_gates_GateMutex_Handle__label__S)
                  000067ae    0000001a     micromouse_pem4f.oem4f (.text:ti_sysbios_heaps_HeapMem_Handle__label__S)
                  000067c8    0000001a     micromouse_pem4f.oem4f (.text:ti_sysbios_knl_Swi_Handle__label__S)
                  000067e2    0000001a     micromouse_pem4f.oem4f (.text:ti_sysbios_knl_Task_Handle__label__S)
                  000067fc    0000001a     micromouse_pem4f.oem4f (.text:ti_uia_runtime_LoggerStopMode_Handle__label__S)
                  00006816    0000001a     micromouse_pem4f.oem4f (.text:xdc_runtime_System_aprintf__E)
                  00006830    0000001a     micromouse_pem4f.oem4f (.text:xdc_runtime_System_printf__E)
                  0000684a    00000018     driverlib.lib : gpio.obj (.text:GPIOPinTypeGPIOOutput)
                  00006862    00000018     micromouse_pem4f.oem4f (.text:free)
                  0000687a    00000002     --HOLE-- [fill = 0]
                  0000687c    00000018     rtsv7M4_T_le_v4SPD16_eabi.lib : args_main.obj (.text)
                  00006894    00000018     micromouse_pem4f.oem4f (.text:ti_sysbios_family_arm_lm4_Timer_Module__startupDone__F)
                  000068ac    00000018     micromouse_pem4f.oem4f (.text:ti_sysbios_family_arm_m3_Hwi_Module__startupDone__F)
                  000068c4    00000018     sysbios.aem4f : m3_TaskSupport_asm.obj (.text:ti_sysbios_family_arm_m3_TaskSupport_swap__E)
                  000068dc    00000018                   : BIOS.obj (.text:ti_sysbios_gates_GateMutex_leave__E)
                  000068f4    00000018     micromouse_pem4f.oem4f (.text:ti_sysbios_hal_Timer_Module__startupDone__F)
                  0000690c    00000018     ti.targets.arm.rtsarm.aem4f : Text.oem4f (.text:xdc_runtime_Text_ropeText__F)
                  00006924    00000016     ti.uia.runtime.aem4f : LoggerStopMode.oem4f (.text:ti_uia_runtime_LoggerStopMode_getFreeSize__E)
                  0000693a    00000016                          : LoggerStopMode.oem4f (.text:ti_uia_runtime_LoggerStopMode_getUnreadSize__E)
                  00006950    00000014     rtsv7M4_T_le_v4SPD16_eabi.lib : _lock.obj (.text)
                  00006964    00000014                                   : strlen.obj (.text)
                  00006978    00000014     sysbios.aem4f : BIOS.obj (.text:ti_sysbios_family_arm_m3_Hwi_switchFromBootStack__E)
                  0000698c    00000014     micromouse_pem4f.oem4f (.text:ti_sysbios_heaps_HeapMem_Object__get__S)
                  000069a0    00000014     micromouse_pem4f.oem4f (.text:ti_sysbios_knl_Swi_Object__get__S)
                  000069b4    00000014     micromouse_pem4f.oem4f (.text:ti_sysbios_knl_Task_Object__get__S)
                  000069c8    00000014     ti.targets.arm.rtsarm.aem4f : System.oem4f (.text:xdc_runtime_System_abort__F)
                  000069dc    00000012     driverlib.lib : gpio.obj (.text:GPIOPinTypePWM)
                  000069ee    00000012                   : pwm.obj (.text:PWMOutputState)
                  00006a00    00000012     rtsv7M4_T_le_v4SPD16_eabi.lib : copy_zero_init.obj (.text:decompress:ZI)
                  00006a12    00000012     sysbios.aem4f : BIOS.obj (.text:ti_sysbios_hal_Hwi_Module_startup__F)
                  00006a24    00000012                   : BIOS.obj (.text:ti_sysbios_hal_Timer_Module_startup__F)
                  00006a36    00000012     ti.uia.runtime.aem4f : LoggerStopMode.oem4f (.text:ti_uia_runtime_LoggerStopMode_write1__E)
                  00006a48    00000012                          : LoggerStopMode.oem4f (.text:ti_uia_runtime_LoggerStopMode_write2__E)
                  00006a5a    00000012     micromouse_pem4f.oem4f (.text:xdc_runtime_Startup_exec__I)
                  00006a6c    00000010     driverlib.lib : pwm.obj (.text:PWMGenPeriodSet)
                  00006a7c    00000010     rtsv7M4_T_le_v4SPD16_eabi.lib : strcpy.obj (.text)
                  00006a8c    00000010     sysbios.aem4f : BIOS.obj (.text:ti_sysbios_BIOS_getCpuFreq__E)
                  00006a9c    00000010                   : BIOS.obj (.text:ti_sysbios_BIOS_setThreadType__E)
                  00006aac    00000010                   : BIOS.obj (.text:ti_sysbios_BIOS_start__E)
                  00006abc    00000010                   : BIOS.obj (.text:ti_sysbios_family_arm_lm4_TimestampProvider_rolloverFunc__E)
                  00006acc    00000010                   : BIOS.obj (.text:ti_sysbios_family_arm_m3_Hwi_excHandler__I)
                  00006adc    00000010                   : m3_TaskSupport_asm.obj (.text:ti_sysbios_family_arm_m3_TaskSupport_glue)
                  00006aec    00000010                   : m3_Hwi_asm_switch.obj (.text:ti_sysbios_family_xxx_Hwi_switchToIsrStack)
                  00006afc    00000010                   : BIOS.obj (.text:ti_sysbios_gates_GateMutex_Instance_finalize__F)
                  00006b0c    00000010                   : BIOS.obj (.text:ti_sysbios_knl_Semaphore_Instance_finalize__F)
                  00006b1c    00000010                   : BIOS.obj (.text:ti_sysbios_knl_Swi_disable__E)
                  00006b2c    00000010                   : BIOS.obj (.text:ti_sysbios_knl_Task_disable__E)
                  00006b3c    00000010     micromouse_pem4f.oem4f (.text:ti_uia_runtime_LoggerStopMode_Object__get__S)
                  00006b4c    00000010     ti.uia.runtime.aem4f : LoggerStopMode.oem4f (.text:ti_uia_runtime_LoggerStopMode_write0__E)
                  00006b5c    00000010     ti.targets.arm.rtsarm.aem4f : Gate.oem4f (.text:xdc_runtime_Gate_leaveSystem__F)
                  00006b6c    00000010                                 : Memory.oem4f (.text:xdc_runtime_Memory_free__F)
                  00006b7c    00000010                                 : SysMin.oem4f (.text:xdc_runtime_SysMin_ready__F)
                  00006b8c    00000010                                 : System.oem4f (.text:xdc_runtime_System_vsnprintf__F)
                  00006b9c    00000010     micromouse_pem4f.oem4f (.text:xdc_runtime_Text_visitRope__I)
                  00006bac    0000000e     rtsv7M4_T_le_v4SPD16_eabi.lib : copy_decompress_none.obj (.text:decompress:none)
                  00006bba    0000000e     sysbios.aem4f : BIOS.obj (.text:ti_sysbios_knl_Queue_empty__E)
                  00006bc8    0000000e     ti.uia.runtime.aem4f : LoggerStopMode.oem4f (.text:ti_uia_runtime_LoggerStopMode_isEmpty__E)
                  00006bd6    00000002     --HOLE-- [fill = 0]
                  00006bd8    0000000c     micromouse_pem4f.oem4f (.text:.bootCodeSection:ti_catalog_arm_cortexm4_tiva_ce_Boot_init__I)
                  00006be4    0000000c     driverlib.lib : pwm.obj (.text:PWMGenEnable)
                  00006bf0    0000000c     sysbios.aem4f : BIOS.obj (.text:ti_sysbios_family_arm_lm4_Timer_masterDisable__I)
                  00006bfc    0000000c                   : BIOS.obj (.text:ti_sysbios_family_arm_lm4_TimestampProvider_startTimer__E)
                  00006c08    0000000c                   : BIOS.obj (.text:ti_sysbios_family_arm_m3_Hwi_disableFxn__E)
                  00006c14    0000000c                   : BIOS.obj (.text:ti_sysbios_family_arm_m3_TaskSupport_checkStack__E)
                  00006c20    0000000c                   : m3_Hwi_asm_switch.obj (.text:ti_sysbios_family_xxx_Hwi_switchToTaskStack)
                  00006c2c    0000000c                   : BIOS.obj (.text:ti_sysbios_gates_GateHwi_enter__E)
                  00006c38    0000000c     micromouse_pem4f.oem4f (.text:ti_sysbios_knl_Queue_Object__get__S)
                  00006c44    0000000c     sysbios.aem4f : BIOS.obj (.text:ti_sysbios_utils_Load_taskRegHook__E)
                  00006c50    0000000c     ti.targets.arm.rtsarm.aem4f : Error.oem4f (.text:xdc_runtime_Error_init__F)
                  00006c5c    0000000c                                 : Gate.oem4f (.text:xdc_runtime_Gate_enterSystem__F)
                  00006c68    0000000c                                 : Memory.oem4f (.text:xdc_runtime_Memory_calloc__F)
                  00006c74    0000000c                                 : Memory.oem4f (.text:xdc_runtime_Memory_getMaxDefaultTypeAlign__F)
                  00006c80    0000000c                                 : System.oem4f (.text:xdc_runtime_System_exit__F)
                  00006c8c    0000000c                                 : System.oem4f (.text:xdc_runtime_System_lastFxn__I)
                  00006c98    0000000a     micromouse_pem4f.oem4f (.text:xdc_runtime_IHeap_alloc)
                  00006ca2    0000000a     micromouse_pem4f.oem4f (.text:xdc_runtime_IHeap_free)
                  00006cac    00000008     sysbios.aem4f : BIOS.obj (.text:ti_sysbios_family_arm_m3_Hwi_doSwiRestore__I)
                  00006cb4    00000008                   : BIOS.obj (.text:ti_sysbios_family_arm_m3_Hwi_startup__E)
                  00006cbc    00000008                   : BIOS.obj (.text:ti_sysbios_knl_Idle_loop__E)
                  00006cc4    00000006     driverlib.lib : gpio.obj (.text:GPIOPinWrite)
                  00006cca    00000006     ti.targets.arm.rtsarm.aem4f : xdc_noinit.oem4f (.text:__xdc__init)
                  00006cd0    00000006     rtsv7M4_T_le_v4SPD16_eabi.lib : copy_decompress_rle.obj (.text:decompress:rle24)
                  00006cd6    00000006     Boot.aem4f : Boot_sysctl.oem4f (.text:ti_catalog_arm_cortexm4_tiva_ce_Boot_sysCtlDelayI__I)
                  00006cdc    00000006     sysbios.aem4f : BIOS.obj (.text:ti_sysbios_family_arm_lm4_TimestampProvider_Module_startup__F)
                  00006ce2    00000006                   : BIOS.obj (.text:ti_sysbios_family_arm_m3_Hwi_restoreFxn__E)
                  00006ce8    00000006                   : BIOS.obj (.text:ti_sysbios_gates_GateHwi_leave__E)
                  00006cee    00000006                   : BIOS.obj (.text:ti_sysbios_heaps_HeapMem_isBlocking__E)
                  00006cf4    00000006                   : BIOS.obj (.text:ti_sysbios_knl_Queue_Instance_init__F)
                  00006cfa    00000006     ti.uia.runtime.aem4f : LoggerStopMode.oem4f (.text:ti_uia_runtime_LoggerStopMode_getPriority__E)
                  00006d00    00000006                          : LoggerStopMode.oem4f (.text:ti_uia_runtime_LoggerStopMode_getTransferType__F)
                  00006d06    00000006     ti.targets.arm.rtsarm.aem4f : System.oem4f (.text:xdc_runtime_System_Module_startup__F)
                  00006d0c    00000004     micromouse_pem4f.oem4f (.text:ti_sysbios_BIOS_RtsGateProxy_enter__E)
                  00006d10    00000004     micromouse_pem4f.oem4f (.text:ti_sysbios_BIOS_RtsGateProxy_leave__E)
                  00006d14    00000004     sysbios.aem4f : BIOS.obj (.text:ti_sysbios_family_arm_lm4_Timer_getPeriod__E)
                  00006d18    00000004                   : BIOS.obj (.text:ti_sysbios_family_arm_lm4_Timer_masterEnable__I)
                  00006d1c    00000004     micromouse_pem4f.oem4f (.text:ti_sysbios_family_arm_m3_TaskSupport_Module__startupDone__S)
                  00006d20    00000004     sysbios.aem4f : BIOS.obj (.text:ti_sysbios_gates_GateHwi_query__F)
                  00006d24    00000004                   : BIOS.obj (.text:ti_sysbios_gates_GateMutex_query__F)
                  00006d28    00000004     micromouse_pem4f.oem4f (.text:ti_sysbios_hal_Hwi_HwiProxy_Module__startupDone__S)
                  00006d2c    00000004     micromouse_pem4f.oem4f (.text:ti_sysbios_hal_Timer_TimerProxy_Module__startupDone__S)
                  00006d30    00000004     micromouse_pem4f.oem4f (.text:ti_sysbios_hal_Timer_TimerProxy_getPeriod__E)
                  00006d34    00000004     micromouse_pem4f.oem4f (.text:ti_sysbios_heaps_HeapMem_Module_GateProxy_enter__E)
                  00006d38    00000004     micromouse_pem4f.oem4f (.text:ti_sysbios_heaps_HeapMem_Module_GateProxy_leave__E)
                  00006d3c    00000004     micromouse_pem4f.oem4f (.text:ti_sysbios_knl_Task_SupportProxy_Module__startupDone__S)
                  00006d40    00000004     sysbios.aem4f : BIOS.obj (.text:ti_sysbios_knl_Task_startup__E)
                  00006d44    00000004     micromouse_pem4f.oem4f (.text:ti_uia_runtime_LogSync_CpuTimestampProxy_Module__startupDone__S)
                  00006d48    00000004     micromouse_pem4f.oem4f (.text:ti_uia_runtime_LogSync_GlobalTimestampProxy_Module__startupDone__S)
                  00006d4c    00000004     ti.uia.runtime.aem4f : LoggerStopMode.oem4f (.text:ti_uia_runtime_LoggerStopMode_getInstanceId__E)
                  00006d50    00000004                          : LoggerStopMode.oem4f (.text:ti_uia_runtime_LoggerStopMode_getMaxLength__E)
                  00006d54    00000004                          : LoggerStopMode.oem4f (.text:ti_uia_runtime_LoggerStopMode_setPriority__E)
                  00006d58    00000004     ti.targets.arm.rtsarm.aem4f : Error.oem4f (.text:xdc_runtime_Error_getSite__F)
                  00006d5c    00000004     micromouse_pem4f.oem4f (.text:xdc_runtime_Memory_HeapProxy_alloc__E)
                  00006d60    00000004     micromouse_pem4f.oem4f (.text:xdc_runtime_Memory_HeapProxy_free__E)
                  00006d64    00000004     micromouse_pem4f.oem4f (.text:xdc_runtime_System_Module_GateProxy_enter__E)
                  00006d68    00000004     micromouse_pem4f.oem4f (.text:xdc_runtime_System_Module_GateProxy_leave__E)
                  00006d6c    00000004     ti.targets.arm.rtsarm.aem4f : System.oem4f (.text:xdc_runtime_System_aprintf_va__F)
                  00006d70    00000004                                 : System.oem4f (.text:xdc_runtime_System_printf_va__F)
                  00006d74    00000004     micromouse_pem4f.oem4f (.text:xdc_runtime_System_vsnprintf__E)
                  00006d78    00000004     micromouse_pem4f.oem4f (.text:xdc_runtime_TimestampNull_Module__startupDone__S)
                  00006d7c    00000004     micromouse_pem4f.oem4f (.text:xdc_runtime_Timestamp_Module__startupDone__S)

.const     0    00006d80    00002bde     
                  00006d80    000022c8     micromouse_pem4f.oem4f (.const:xdc_runtime_Text_charTab__A)
                  00009048    00000114     micromouse_pem4f.oem4f (.const:xdc_runtime_Text_nodeTab__A)
                  0000915c    000000d8     micromouse_pem4f.oem4f (.const:ti_sysbios_family_arm_m3_Hwi_priorities__A)
                  00009234    00000090     driverlib.lib : gpio.obj (.const:g_pui32GPIOBaseAddrs)
                  000092c4    00000060     micromouse_pem4f.oem4f (.const:ti_uia_runtime_LoggerStopMode_Module__FXNS__C)
                  00009324    00000048     micromouse_pem4f.oem4f (.const:.string)
                  0000936c    0000003c     system.obj (.const:gpioHWAttrs)
                  000093a8    00000030     micromouse_pem4f.oem4f (.const:ti_sysbios_knl_Task_hooks__A)
                  000093d8    00000030     micromouse_pem4f.oem4f (.const:ti_uia_runtime_LoggerStopMode_Object__PARAMS__C)
                  00009408    00000030     micromouse_pem4f.oem4f (.const:xdc_runtime_Startup_sfxnTab__A)
                  00009438    00000028     micromouse_pem4f.oem4f (.const:ti_sysbios_heaps_HeapMem_Module__FXNS__C)
                  00009460    00000024     micromouse_pem4f.oem4f (.const:ti_sysbios_gates_GateHwi_Module__FXNS__C)
                  00009484    00000024     micromouse_pem4f.oem4f (.const:ti_sysbios_gates_GateMutex_Module__FXNS__C)
                  000094a8    00000024     micromouse_pem4f.oem4f (.const:ti_sysbios_heaps_HeapMem_Object__PARAMS__C)
                  000094cc    00000024     micromouse_pem4f.oem4f (.const:ti_sysbios_knl_Semaphore_Object__PARAMS__C)
                  000094f0    00000020     micromouse_pem4f.oem4f (.const:ti_sysbios_gates_GateHwi_Object__DESC__C)
                  00009510    00000020     micromouse_pem4f.oem4f (.const:ti_sysbios_gates_GateMutex_Object__DESC__C)
                  00009530    00000020     micromouse_pem4f.oem4f (.const:ti_sysbios_heaps_HeapMem_Object__DESC__C)
                  00009550    00000020     micromouse_pem4f.oem4f (.const:ti_sysbios_knl_Queue_Object__DESC__C)
                  00009570    00000020     micromouse_pem4f.oem4f (.const:ti_sysbios_knl_Semaphore_Object__DESC__C)
                  00009590    00000020     micromouse_pem4f.oem4f (.const:ti_uia_runtime_LoggerStopMode_Object__DESC__C)
                  000095b0    00000018     system.obj (.const)
                  000095c8    00000018     micromouse_pem4f.oem4f (.const:ti_sysbios_gates_GateHwi_Object__PARAMS__C)
                  000095e0    00000018     micromouse_pem4f.oem4f (.const:ti_sysbios_gates_GateMutex_Object__PARAMS__C)
                  000095f8    00000018     micromouse_pem4f.oem4f (.const:ti_sysbios_knl_Queue_Object__PARAMS__C)
                  00009610    00000018     micromouse_pem4f.oem4f (.const:xdc_runtime_Startup_sfxnRts__A)
                  00009628    00000014     micromouse_pem4f.oem4f (.const:xdc_runtime_Startup_firstFxns__A)
                  0000963c    00000011     ti.targets.arm.rtsarm.aem4f : System.oem4f (.const)
                  0000964d    00000001     micromouse_pem4f.oem4f (.const:xdc_runtime_Error_policy__C)
                  0000964e    00000002     micromouse_pem4f.oem4f (.const:ti_catalog_arm_cortexm4_tiva_ce_Boot_Module__id__C)
                  00009650    00000008     micromouse_pem4f.oem4f (.const:ti_sysbios_family_arm_m3_Hwi_excHookFuncs__A)
                  00009658    00000008     micromouse_pem4f.oem4f (.const:ti_sysbios_knl_Idle_coreList__A)
                  00009660    00000008     micromouse_pem4f.oem4f (.const:ti_sysbios_knl_Idle_coreList__C)
                  00009668    00000008     micromouse_pem4f.oem4f (.const:ti_sysbios_knl_Idle_funcList__A)
                  00009670    00000008     micromouse_pem4f.oem4f (.const:ti_sysbios_knl_Idle_funcList__C)
                  00009678    00000008     micromouse_pem4f.oem4f (.const:ti_sysbios_knl_Task_hooks__C)
                  00009680    00000008     micromouse_pem4f.oem4f (.const:xdc_runtime_Startup_firstFxns__C)
                  00009688    00000008     micromouse_pem4f.oem4f (.const:xdc_runtime_Startup_lastFxns__A)
                  00009690    00000008     micromouse_pem4f.oem4f (.const:xdc_runtime_Startup_lastFxns__C)
                  00009698    00000004     micromouse_pem4f.oem4f (.const:ti_catalog_arm_cortexm4_tiva_ce_Boot_A_mustUseEnhancedClockMode__C)
                  0000969c    00000004     micromouse_pem4f.oem4f (.const:ti_catalog_arm_cortexm4_tiva_ce_Boot_Module__diagsEnabled__C)
                  000096a0    00000004     micromouse_pem4f.oem4f (.const:ti_catalog_arm_cortexm4_tiva_ce_Boot_Module__diagsIncluded__C)
                  000096a4    00000004     micromouse_pem4f.oem4f (.const:ti_catalog_arm_cortexm4_tiva_ce_Boot_Module__diagsMask__C)
                  000096a8    00000004     micromouse_pem4f.oem4f (.const:ti_sysbios_BIOS_Module__diagsEnabled__C)
                  000096ac    00000004     micromouse_pem4f.oem4f (.const:ti_sysbios_BIOS_Module__diagsIncluded__C)
                  000096b0    00000004     micromouse_pem4f.oem4f (.const:ti_sysbios_BIOS_Module__diagsMask__C)
                  000096b4    00000004     micromouse_pem4f.oem4f (.const:ti_sysbios_BIOS_installedErrorHook__C)
                  000096b8    00000004     micromouse_pem4f.oem4f (.const:ti_sysbios_family_arm_lm4_Timer_enableFunc__C)
                  000096bc    00000004     micromouse_pem4f.oem4f (.const:ti_sysbios_family_arm_lm4_Timer_numTimerDevices__C)
                  000096c0    00000004     micromouse_pem4f.oem4f (.const:ti_sysbios_family_arm_lm4_Timer_startupNeeded__C)
                  000096c4    00000004     micromouse_pem4f.oem4f (.const:ti_sysbios_family_arm_m3_Hwi_E_NMI__C)
                  000096c8    00000004     micromouse_pem4f.oem4f (.const:ti_sysbios_family_arm_m3_Hwi_E_busFault__C)
                  000096cc    00000004     micromouse_pem4f.oem4f (.const:ti_sysbios_family_arm_m3_Hwi_E_debugMon__C)
                  000096d0    00000004     micromouse_pem4f.oem4f (.const:ti_sysbios_family_arm_m3_Hwi_E_hardFault__C)
                  000096d4    00000004     micromouse_pem4f.oem4f (.const:ti_sysbios_family_arm_m3_Hwi_E_memFault__C)
                  000096d8    00000004     micromouse_pem4f.oem4f (.const:ti_sysbios_family_arm_m3_Hwi_E_noIsr__C)
                  000096dc    00000004     micromouse_pem4f.oem4f (.const:ti_sysbios_family_arm_m3_Hwi_E_reserved__C)
                  000096e0    00000004     micromouse_pem4f.oem4f (.const:ti_sysbios_family_arm_m3_Hwi_E_svCall__C)
                  000096e4    00000004     micromouse_pem4f.oem4f (.const:ti_sysbios_family_arm_m3_Hwi_E_usageFault__C)
                  000096e8    00000004     micromouse_pem4f.oem4f (.const:ti_sysbios_family_arm_m3_Hwi_LD_end__C)
                  000096ec    00000004     micromouse_pem4f.oem4f (.const:ti_sysbios_family_arm_m3_Hwi_LM_begin__C)
                  000096f0    00000004     micromouse_pem4f.oem4f (.const:ti_sysbios_family_arm_m3_Hwi_Module__diagsEnabled__C)
                  000096f4    00000004     micromouse_pem4f.oem4f (.const:ti_sysbios_family_arm_m3_Hwi_Module__diagsIncluded__C)
                  000096f8    00000004     micromouse_pem4f.oem4f (.const:ti_sysbios_family_arm_m3_Hwi_Module__diagsMask__C)
                  000096fc    00000004     micromouse_pem4f.oem4f (.const:ti_sysbios_family_arm_m3_Hwi_Module__loggerFxn1__C)
                  00009700    00000004     micromouse_pem4f.oem4f (.const:ti_sysbios_family_arm_m3_Hwi_Module__loggerFxn8__C)
                  00009704    00000004     micromouse_pem4f.oem4f (.const:ti_sysbios_family_arm_m3_Hwi_Module__loggerObj__C)
                  00009708    00000004     micromouse_pem4f.oem4f (.const:ti_sysbios_family_arm_m3_Hwi_NUM_INTERRUPTS__C)
                  0000970c    00000004     micromouse_pem4f.oem4f (.const:ti_sysbios_family_arm_m3_Hwi_ccr__C)
                  00009710    00000004     micromouse_pem4f.oem4f (.const:ti_sysbios_family_arm_m3_Hwi_dispatchTable__C)
                  00009714    00000004     micromouse_pem4f.oem4f (.const:ti_sysbios_family_arm_m3_Hwi_excHandlerFunc__C)
                  00009718    00000004     micromouse_pem4f.oem4f (.const:ti_sysbios_family_arm_m3_Hwi_excHookFuncs__C)
                  0000971c    00000004     micromouse_pem4f.oem4f (.const:ti_sysbios_family_arm_m3_Hwi_priGroup__C)
                  00009720    00000004     micromouse_pem4f.oem4f (.const:ti_sysbios_family_arm_m3_Hwi_priorities__C)
                  00009724    00000004     micromouse_pem4f.oem4f (.const:ti_sysbios_gates_GateMutex_A_badContext__C)
                  00009728    00000004     micromouse_pem4f.oem4f (.const:ti_sysbios_gates_GateMutex_Instance_State_sem__O)
                  0000972c    00000004     micromouse_pem4f.oem4f (.const:ti_sysbios_gates_GateMutex_Module__diagsEnabled__C)
                  00009730    00000004     micromouse_pem4f.oem4f (.const:ti_sysbios_gates_GateMutex_Module__diagsIncluded__C)
                  00009734    00000004     micromouse_pem4f.oem4f (.const:ti_sysbios_gates_GateMutex_Module__diagsMask__C)
                  00009738    00000004     micromouse_pem4f.oem4f (.const:ti_sysbios_hal_Hwi_E_stackOverflow__C)
                  0000973c    00000004     micromouse_pem4f.oem4f (.const:ti_sysbios_heaps_HeapMem_A_align__C)
                  00009740    00000004     micromouse_pem4f.oem4f (.const:ti_sysbios_heaps_HeapMem_A_heapSize__C)
                  00009744    00000004     micromouse_pem4f.oem4f (.const:ti_sysbios_heaps_HeapMem_A_invalidFree__C)
                  00009748    00000004     micromouse_pem4f.oem4f (.const:ti_sysbios_heaps_HeapMem_A_zeroBlock__C)
                  0000974c    00000004     micromouse_pem4f.oem4f (.const:ti_sysbios_heaps_HeapMem_E_memory__C)
                  00009750    00000004     micromouse_pem4f.oem4f (.const:ti_sysbios_heaps_HeapMem_Module__diagsEnabled__C)
                  00009754    00000004     micromouse_pem4f.oem4f (.const:ti_sysbios_heaps_HeapMem_Module__diagsIncluded__C)
                  00009758    00000004     micromouse_pem4f.oem4f (.const:ti_sysbios_heaps_HeapMem_Module__diagsMask__C)
                  0000975c    00000004     micromouse_pem4f.oem4f (.const:ti_sysbios_heaps_HeapMem_Module__gateObj__C)
                  00009760    00000004     micromouse_pem4f.oem4f (.const:ti_sysbios_heaps_HeapMem_Object__count__C)
                  00009764    00000004     micromouse_pem4f.oem4f (.const:ti_sysbios_heaps_HeapMem_reqAlign__C)
                  00009768    00000004     micromouse_pem4f.oem4f (.const:ti_sysbios_knl_Clock_LM_begin__C)
                  0000976c    00000004     micromouse_pem4f.oem4f (.const:ti_sysbios_knl_Clock_LM_tick__C)
                  00009770    00000004     micromouse_pem4f.oem4f (.const:ti_sysbios_knl_Clock_LW_delayed__C)
                  00009774    00000004     micromouse_pem4f.oem4f (.const:ti_sysbios_knl_Clock_Module_State_clockQ__O)
                  00009778    00000004     micromouse_pem4f.oem4f (.const:ti_sysbios_knl_Clock_Module__diagsEnabled__C)
                  0000977c    00000004     micromouse_pem4f.oem4f (.const:ti_sysbios_knl_Clock_Module__diagsIncluded__C)
                  00009780    00000004     micromouse_pem4f.oem4f (.const:ti_sysbios_knl_Clock_Module__diagsMask__C)
                  00009784    00000004     micromouse_pem4f.oem4f (.const:ti_sysbios_knl_Clock_Module__loggerFxn1__C)
                  00009788    00000004     micromouse_pem4f.oem4f (.const:ti_sysbios_knl_Clock_Module__loggerFxn2__C)
                  0000978c    00000004     micromouse_pem4f.oem4f (.const:ti_sysbios_knl_Clock_Module__loggerObj__C)
                  00009790    00000004     micromouse_pem4f.oem4f (.const:ti_sysbios_knl_Semaphore_A_badContext__C)
                  00009794    00000004     micromouse_pem4f.oem4f (.const:ti_sysbios_knl_Semaphore_A_noEvents__C)
                  00009798    00000004     micromouse_pem4f.oem4f (.const:ti_sysbios_knl_Semaphore_A_overflow__C)
                  0000979c    00000004     micromouse_pem4f.oem4f (.const:ti_sysbios_knl_Semaphore_A_pendTaskDisabled__C)
                  000097a0    00000004     micromouse_pem4f.oem4f (.const:ti_sysbios_knl_Semaphore_Instance_State_pendQ__O)
                  000097a4    00000004     micromouse_pem4f.oem4f (.const:ti_sysbios_knl_Semaphore_LM_pend__C)
                  000097a8    00000004     micromouse_pem4f.oem4f (.const:ti_sysbios_knl_Semaphore_LM_post__C)
                  000097ac    00000004     micromouse_pem4f.oem4f (.const:ti_sysbios_knl_Semaphore_Module__diagsEnabled__C)
                  000097b0    00000004     micromouse_pem4f.oem4f (.const:ti_sysbios_knl_Semaphore_Module__diagsIncluded__C)
                  000097b4    00000004     micromouse_pem4f.oem4f (.const:ti_sysbios_knl_Semaphore_Module__diagsMask__C)
                  000097b8    00000004     micromouse_pem4f.oem4f (.const:ti_sysbios_knl_Semaphore_Module__loggerFxn2__C)
                  000097bc    00000004     micromouse_pem4f.oem4f (.const:ti_sysbios_knl_Semaphore_Module__loggerFxn4__C)
                  000097c0    00000004     micromouse_pem4f.oem4f (.const:ti_sysbios_knl_Semaphore_Module__loggerObj__C)
                  000097c4    00000004     micromouse_pem4f.oem4f (.const:ti_sysbios_knl_Swi_LD_end__C)
                  000097c8    00000004     micromouse_pem4f.oem4f (.const:ti_sysbios_knl_Swi_LM_begin__C)
                  000097cc    00000004     micromouse_pem4f.oem4f (.const:ti_sysbios_knl_Swi_LM_post__C)
                  000097d0    00000004     micromouse_pem4f.oem4f (.const:ti_sysbios_knl_Swi_Module__diagsEnabled__C)
                  000097d4    00000004     micromouse_pem4f.oem4f (.const:ti_sysbios_knl_Swi_Module__diagsIncluded__C)
                  000097d8    00000004     micromouse_pem4f.oem4f (.const:ti_sysbios_knl_Swi_Module__diagsMask__C)
                  000097dc    00000004     micromouse_pem4f.oem4f (.const:ti_sysbios_knl_Swi_Module__loggerFxn1__C)
                  000097e0    00000004     micromouse_pem4f.oem4f (.const:ti_sysbios_knl_Swi_Module__loggerFxn4__C)
                  000097e4    00000004     micromouse_pem4f.oem4f (.const:ti_sysbios_knl_Swi_Module__loggerObj__C)
                  000097e8    00000004     micromouse_pem4f.oem4f (.const:ti_sysbios_knl_Swi_Object__count__C)
                  000097ec    00000004     micromouse_pem4f.oem4f (.const:ti_sysbios_knl_Task_E_spOutOfBounds__C)
                  000097f0    00000004     micromouse_pem4f.oem4f (.const:ti_sysbios_knl_Task_E_stackOverflow__C)
                  000097f4    00000004     micromouse_pem4f.oem4f (.const:ti_sysbios_knl_Task_LD_block__C)
                  000097f8    00000004     micromouse_pem4f.oem4f (.const:ti_sysbios_knl_Task_LD_exit__C)
                  000097fc    00000004     micromouse_pem4f.oem4f (.const:ti_sysbios_knl_Task_LD_ready__C)
                  00009800    00000004     micromouse_pem4f.oem4f (.const:ti_sysbios_knl_Task_LM_switch__C)
                  00009804    00000004     micromouse_pem4f.oem4f (.const:ti_sysbios_knl_Task_Module_State_inactiveQ__O)
                  00009808    00000004     micromouse_pem4f.oem4f (.const:ti_sysbios_knl_Task_Module__diagsEnabled__C)
                  0000980c    00000004     micromouse_pem4f.oem4f (.const:ti_sysbios_knl_Task_Module__diagsIncluded__C)
                  00009810    00000004     micromouse_pem4f.oem4f (.const:ti_sysbios_knl_Task_Module__diagsMask__C)
                  00009814    00000004     micromouse_pem4f.oem4f (.const:ti_sysbios_knl_Task_Module__loggerFxn2__C)
                  00009818    00000004     micromouse_pem4f.oem4f (.const:ti_sysbios_knl_Task_Module__loggerFxn4__C)
                  0000981c    00000004     micromouse_pem4f.oem4f (.const:ti_sysbios_knl_Task_Module__loggerObj__C)
                  00009820    00000004     micromouse_pem4f.oem4f (.const:ti_sysbios_knl_Task_Object__count__C)
                  00009824    00000004     micromouse_pem4f.oem4f (.const:ti_sysbios_knl_Task_Object__heap__C)
                  00009828    00000004     micromouse_pem4f.oem4f (.const:ti_sysbios_knl_Task_allBlockedFunc__C)
                  0000982c    00000004     micromouse_pem4f.oem4f (.const:ti_sysbios_knl_Task_numConstructedTasks__C)
                  00009830    00000004     micromouse_pem4f.oem4f (.const:ti_sysbios_utils_Load_LS_cpuLoad__C)
                  00009834    00000004     micromouse_pem4f.oem4f (.const:ti_sysbios_utils_Load_LS_hwiLoad__C)
                  00009838    00000004     micromouse_pem4f.oem4f (.const:ti_sysbios_utils_Load_LS_taskLoad__C)
                  0000983c    00000004     micromouse_pem4f.oem4f (.const:ti_sysbios_utils_Load_Module_State_taskList__O)
                  00009840    00000004     micromouse_pem4f.oem4f (.const:ti_sysbios_utils_Load_Module__diagsEnabled__C)
                  00009844    00000004     micromouse_pem4f.oem4f (.const:ti_sysbios_utils_Load_Module__diagsIncluded__C)
                  00009848    00000004     micromouse_pem4f.oem4f (.const:ti_sysbios_utils_Load_Module__diagsMask__C)
                  0000984c    00000004     micromouse_pem4f.oem4f (.const:ti_sysbios_utils_Load_Module__loggerFxn1__C)
                  00009850    00000004     micromouse_pem4f.oem4f (.const:ti_sysbios_utils_Load_Module__loggerFxn2__C)
                  00009854    00000004     micromouse_pem4f.oem4f (.const:ti_sysbios_utils_Load_Module__loggerFxn4__C)
                  00009858    00000004     micromouse_pem4f.oem4f (.const:ti_sysbios_utils_Load_Module__loggerObj__C)
                  0000985c    00000004     micromouse_pem4f.oem4f (.const:ti_sysbios_utils_Load_postUpdate__C)
                  00009860    00000004     micromouse_pem4f.oem4f (.const:ti_sysbios_utils_Load_windowInMs__C)
                  00009864    00000004     micromouse_pem4f.oem4f (.const:ti_uia_runtime_ILoggerSnapshot_Interface__BASE__C)
                  00009868    00000004     micromouse_pem4f.oem4f (.const:ti_uia_runtime_IUIATransfer_Interface__BASE__C)
                  0000986c    00000004     micromouse_pem4f.oem4f (.const:ti_uia_runtime_LoggerStopMode_E_badLevel__C)
                  00009870    00000004     micromouse_pem4f.oem4f (.const:ti_uia_runtime_LoggerStopMode_Object__count__C)
                  00009874    00000004     micromouse_pem4f.oem4f (.const:ti_uia_runtime_LoggerStopMode_overflowLogger__C)
                  00009878    00000004     micromouse_pem4f.oem4f (.const:ti_uia_runtime_LoggerStopMode_statusLogger__C)
                  0000987c    00000004     micromouse_pem4f.oem4f (.const:xdc_runtime_Assert_E_assertFailed__C)
                  00009880    00000004     micromouse_pem4f.oem4f (.const:xdc_runtime_Core_A_initializedParams__C)
                  00009884    00000004     micromouse_pem4f.oem4f (.const:xdc_runtime_Core_Module__diagsEnabled__C)
                  00009888    00000004     micromouse_pem4f.oem4f (.const:xdc_runtime_Core_Module__diagsIncluded__C)
                  0000988c    00000004     micromouse_pem4f.oem4f (.const:xdc_runtime_Core_Module__diagsMask__C)
                  00009890    00000004     micromouse_pem4f.oem4f (.const:xdc_runtime_Error_E_memory__C)
                  00009894    00000004     micromouse_pem4f.oem4f (.const:xdc_runtime_Error_Module__diagsEnabled__C)
                  00009898    00000004     micromouse_pem4f.oem4f (.const:xdc_runtime_Error_Module__diagsIncluded__C)
                  0000989c    00000004     micromouse_pem4f.oem4f (.const:xdc_runtime_Error_Module__diagsMask__C)
                  000098a0    00000004     micromouse_pem4f.oem4f (.const:xdc_runtime_Error_Module__loggerFxn8__C)
                  000098a4    00000004     micromouse_pem4f.oem4f (.const:xdc_runtime_Error_Module__loggerObj__C)
                  000098a8    00000004     micromouse_pem4f.oem4f (.const:xdc_runtime_Error_raiseHook__C)
                  000098ac    00000004     micromouse_pem4f.oem4f (.const:xdc_runtime_IFilterLogger_Interface__BASE__C)
                  000098b0    00000004     micromouse_pem4f.oem4f (.const:xdc_runtime_IGateProvider_Interface__BASE__C)
                  000098b4    00000004     micromouse_pem4f.oem4f (.const:xdc_runtime_IHeap_Interface__BASE__C)
                  000098b8    00000004     micromouse_pem4f.oem4f (.const:xdc_runtime_ILogger_Interface__BASE__C)
                  000098bc    00000004     micromouse_pem4f.oem4f (.const:xdc_runtime_IModule_Interface__BASE__C)
                  000098c0    00000004     micromouse_pem4f.oem4f (.const:xdc_runtime_Log_L_error__C)
                  000098c4    00000004     micromouse_pem4f.oem4f (.const:xdc_runtime_Main_Module__diagsEnabled__C)
                  000098c8    00000004     micromouse_pem4f.oem4f (.const:xdc_runtime_Main_Module__diagsIncluded__C)
                  000098cc    00000004     micromouse_pem4f.oem4f (.const:xdc_runtime_Main_Module__diagsMask__C)
                  000098d0    00000004     micromouse_pem4f.oem4f (.const:xdc_runtime_Main_Module__loggerFxn4__C)
                  000098d4    00000004     micromouse_pem4f.oem4f (.const:xdc_runtime_Main_Module__loggerObj__C)
                  000098d8    00000004     micromouse_pem4f.oem4f (.const:xdc_runtime_Memory_defaultHeapInstance__C)
                  000098dc    00000004     micromouse_pem4f.oem4f (.const:xdc_runtime_Startup_execImpl__C)
                  000098e0    00000004     micromouse_pem4f.oem4f (.const:xdc_runtime_Startup_maxPasses__C)
                  000098e4    00000004     micromouse_pem4f.oem4f (.const:xdc_runtime_Startup_sfxnRts__C)
                  000098e8    00000004     micromouse_pem4f.oem4f (.const:xdc_runtime_Startup_sfxnTab__C)
                  000098ec    00000004     micromouse_pem4f.oem4f (.const:xdc_runtime_SysMin_bufSize__C)
                  000098f0    00000004     micromouse_pem4f.oem4f (.const:xdc_runtime_SysMin_outputFunc__C)
                  000098f4    00000004     micromouse_pem4f.oem4f (.const:xdc_runtime_System_Module__gateObj__C)
                  000098f8    00000004     micromouse_pem4f.oem4f (.const:xdc_runtime_System_extendFxn__C)
                  000098fc    00000004     micromouse_pem4f.oem4f (.const:xdc_runtime_System_maxAtexitHandlers__C)
                  00009900    00000004     micromouse_pem4f.oem4f (.const:xdc_runtime_Text_charTab__C)
                  00009904    00000004     micromouse_pem4f.oem4f (.const:xdc_runtime_Text_nameEmpty__C)
                  00009908    00000004     micromouse_pem4f.oem4f (.const:xdc_runtime_Text_nameStatic__C)
                  0000990c    00000004     micromouse_pem4f.oem4f (.const:xdc_runtime_Text_nameUnknown__C)
                  00009910    00000004     micromouse_pem4f.oem4f (.const:xdc_runtime_Text_nodeTab__C)
                  00009914    00000004     micromouse_pem4f.oem4f (.const:xdc_runtime_Text_visitRopeFxn__C)
                  00009918    00000002     micromouse_pem4f.oem4f (.const:ti_sysbios_BIOS_Module__id__C)
                  0000991a    00000002     micromouse_pem4f.oem4f (.const:ti_sysbios_family_arm_lm4_TimestampProvider_useClockTimer__C)
                  0000991c    00000002     micromouse_pem4f.oem4f (.const:ti_sysbios_family_arm_m3_Hwi_Module__id__C)
                  0000991e    00000002     micromouse_pem4f.oem4f (.const:ti_sysbios_family_arm_m3_Hwi_Module__loggerDefined__C)
                  00009920    00000002     micromouse_pem4f.oem4f (.const:ti_sysbios_gates_GateMutex_Module__id__C)
                  00009922    00000002     micromouse_pem4f.oem4f (.const:ti_sysbios_hal_Hwi_Module__id__C)
                  00009924    00000002     micromouse_pem4f.oem4f (.const:ti_sysbios_heaps_HeapMem_Module__id__C)
                  00009926    00000002     micromouse_pem4f.oem4f (.const:ti_sysbios_knl_Clock_Module__id__C)
                  00009928    00000002     micromouse_pem4f.oem4f (.const:ti_sysbios_knl_Clock_Module__loggerDefined__C)
                  0000992a    00000002     micromouse_pem4f.oem4f (.const:ti_sysbios_knl_Semaphore_Module__id__C)
                  0000992c    00000002     micromouse_pem4f.oem4f (.const:ti_sysbios_knl_Semaphore_Module__loggerDefined__C)
                  0000992e    00000002     micromouse_pem4f.oem4f (.const:ti_sysbios_knl_Swi_Module__id__C)
                  00009930    00000002     micromouse_pem4f.oem4f (.const:ti_sysbios_knl_Swi_Module__loggerDefined__C)
                  00009932    00000002     micromouse_pem4f.oem4f (.const:ti_sysbios_knl_Task_Module__id__C)
                  00009934    00000002     micromouse_pem4f.oem4f (.const:ti_sysbios_knl_Task_Module__loggerDefined__C)
                  00009936    00000002     micromouse_pem4f.oem4f (.const:ti_sysbios_knl_Task_initStackFlag__C)
                  00009938    00000002     micromouse_pem4f.oem4f (.const:ti_sysbios_utils_Load_Module__id__C)
                  0000993a    00000002     micromouse_pem4f.oem4f (.const:ti_sysbios_utils_Load_Module__loggerDefined__C)
                  0000993c    00000002     micromouse_pem4f.oem4f (.const:ti_sysbios_utils_Load_autoAddTasks__C)
                  0000993e    00000002     micromouse_pem4f.oem4f (.const:ti_sysbios_utils_Load_hwiEnabled__C)
                  00009940    00000002     micromouse_pem4f.oem4f (.const:ti_sysbios_utils_Load_updateInIdle__C)
                  00009942    00000002     micromouse_pem4f.oem4f (.const:ti_uia_runtime_LoggerStopMode_Module__id__C)
                  00009944    00000002     micromouse_pem4f.oem4f (.const:ti_uia_runtime_LoggerStopMode_filterByLevel__C)
                  00009946    00000002     micromouse_pem4f.oem4f (.const:ti_uia_runtime_LoggerStopMode_isTimestampEnabled__C)
                  00009948    00000002     micromouse_pem4f.oem4f (.const:xdc_runtime_Core_Module__id__C)
                  0000994a    00000002     micromouse_pem4f.oem4f (.const:xdc_runtime_Error_Module__loggerDefined__C)
                  0000994c    00000002     micromouse_pem4f.oem4f (.const:xdc_runtime_Error_maxDepth__C)
                  0000994e    00000002     micromouse_pem4f.oem4f (.const:xdc_runtime_Main_Module__id__C)
                  00009950    00000002     micromouse_pem4f.oem4f (.const:xdc_runtime_Main_Module__loggerDefined__C)
                  00009952    00000002     micromouse_pem4f.oem4f (.const:xdc_runtime_Memory_Module__id__C)
                  00009954    00000002     micromouse_pem4f.oem4f (.const:xdc_runtime_SysMin_flushAtExit__C)
                  00009956    00000002     micromouse_pem4f.oem4f (.const:xdc_runtime_Text_charCnt__C)
                  00009958    00000002     micromouse_pem4f.oem4f (.const:xdc_runtime_Text_isLoaded__C)
                  0000995a    00000002     micromouse_pem4f.oem4f (.const:xdc_runtime_Text_registryModsLastId__C)
                  0000995c    00000002     micromouse_pem4f.oem4f (.const:xdc_runtime_Text_unnamedModsLastId__C)

.cinit     0    00009960    00000548     
                  00009960    00000513     (.cinit..data.load) [load image, compression = rle]
                  00009e73    00000001     --HOLE-- [fill = 0]
                  00009e74    0000000c     (__TI_handler_table)
                  00009e80    00000008     (.cinit..bss.load) [load image, compression = zero_init]
                  00009e88    00000008     (.cinit..vecs.load) [load image, compression = zero_init]
                  00009e90    00000018     (__TI_cinit_table)

.vecs      0    20000000    00000360     UNINITIALIZED
                  20000000    00000360     micromouse_pem4f.oem4f (.vecs)

.bss       0    20000360    000028b0     UNINITIALIZED
                  20000360    00001000     micromouse_pem4f.oem4f (.bss:ti_sysbios_heaps_HeapMem_Instance_State_0_buf__A)
                  20001360    00000800     micromouse_pem4f.oem4f (.bss:taskStackSection)
                  20001b60    00000480     micromouse_pem4f.oem4f (.bss:ti_uia_runtime_LoggerStopMode_Instance_State_1_bufferArray__A)
                  20001fe0    00000480     micromouse_pem4f.oem4f (.bss:ti_uia_runtime_LoggerStopMode_Instance_State_2_bufferArray__A)
                  20002460    00000400     micromouse_pem4f.oem4f (.bss:xdc_runtime_SysMin_Module_State_0_outbuf__A)
                  20002860    00000280     micromouse_pem4f.oem4f (.bss:ti_uia_runtime_LoggerStopMode_Instance_State_0_bufferArray__A)
                  20002ae0    00000120     rtsv7M4_T_le_v4SPD16_eabi.lib : trgmsg.obj (.bss:__CIOBUF_)
                  20002c00    00000008     (.common:parmbuf)
                  20002c08    00000008     (.common:ti_sysbios_knl_Task_Instance_State_0_hookEnv__A)

.stack     0    20002c10    00001000     UNINITIALIZED
                  20002c10    00001000     --HOLE--

.data      0    20003c10    00000a5c     UNINITIALIZED
                  20003c10    00000360     micromouse_pem4f.oem4f (.data:ti_sysbios_family_arm_m3_Hwi_Module_State_0_dispatchTable__A)
                  20003f70    000001c4     micromouse_pem4f.oem4f (.data)
                  20004134    00000108     micromouse_pem4f.oem4f (.data:ti_uia_runtime_LoggerStopMode_Object__table__V)
                  2000423c    00000098     micromouse_pem4f.oem4f (.data:ti_sysbios_utils_Load_Module__state__V)
                  200042d4    00000080     micromouse_pem4f.oem4f (.data:ti_sysbios_knl_Swi_Module_State_0_readyQ__A)
                  20004354    00000080     micromouse_pem4f.oem4f (.data:ti_sysbios_knl_Task_Module_State_0_readyQ__A)
                  200043d4    00000070     micromouse_pem4f.oem4f (.data:ti_sysbios_family_arm_lm4_Timer_Object__table__V)
                  20004444    0000005c     micromouse_pem4f.oem4f (.data:ti_sysbios_family_arm_m3_Hwi_Module__state__V)
                  200044a0    00000050     micromouse_pem4f.oem4f (.data:ti_sysbios_knl_Task_Object__table__V)
                  200044f0    00000044     micromouse_pem4f.oem4f (.data:ti_sysbios_knl_Task_Module__state__V)
                  20004534    00000038     micromouse_pem4f.oem4f (.data:ti_sysbios_gates_GateMutex_Object__table__V)
                  2000456c    00000030     micromouse_pem4f.oem4f (.data:ti_sysbios_family_arm_lm4_Timer_Module_State_0_device__A)
                  2000459c    00000030     micromouse_pem4f.oem4f (.data:ti_sysbios_family_arm_m3_Hwi_Object__table__V)
                  200045cc    00000030     micromouse_pem4f.oem4f (.data:ti_sysbios_knl_Swi_Object__table__V)
                  200045fc    00000028     micromouse_pem4f.oem4f (.data:ti_sysbios_knl_Clock_Module__state__V)
                  20004624    00000020     motor.obj (.data)
                  20004644    00000008     gpio_tivaware.aem4f : GPIO.oem4f (.data)
                  2000464c    00000008     rtsv7M4_T_le_v4SPD16_eabi.lib : _lock.obj (.data)
                  20004654    00000008                                   : exit.obj (.data)
                  2000465c    00000008     ti.uia.runtime.aem4f : QueueDescriptor.oem4f (.data)
                  20004664    00000004     rtsv7M4_T_le_v4SPD16_eabi.lib : dtor_list.obj (.data)
                  20004668    00000004                                   : stkdepth_vars.obj (.data)


LINKER GENERATED COPY TABLES

__TI_cinit_table @ 00009e90 records: 3, size/record: 8, table size: 24
	.data: load addr=00009960, load size=00000513 bytes, run addr=20003c10, run size=00000a5c bytes, compression=rle
	.bss: load addr=00009e80, load size=00000008 bytes, run addr=20000360, run size=000028b0 bytes, compression=zero_init
	.vecs: load addr=00009e88, load size=00000008 bytes, run addr=20000000, run size=00000360 bytes, compression=zero_init


LINKER GENERATED HANDLER TABLE

__TI_handler_table @ 00009e74 records: 3, size/record: 4, table size: 12
	index: 0, handler: __TI_zero_init
	index: 1, handler: __TI_decompress_rle24
	index: 2, handler: __TI_decompress_none


GLOBAL SYMBOLS: SORTED ALPHABETICALLY BY Name 

address    name
--------   ----
00005979   C$$EXIT
0000515b   C$$IO$$
000062a9   GPIODirModeSet
00002799   GPIOPadConfigSet
000056ad   GPIOPinConfigure
0000684b   GPIOPinTypeGPIOOutput
000069dd   GPIOPinTypePWM
00006cc5   GPIOPinWrite
000095b0   GPIO_config
000063c5   GPIO_init
00003861   GPIO_write
00001035   HOSTclock
00000ffd   HOSTclose
00000fbf   HOSTgetenv
00000f63   HOSTlseek
00000f11   HOSTopen
00000ec5   HOSTread
00000e67   HOSTrename
00000e2d   HOSTtime
00000df5   HOSTunlink
00000da9   HOSTwrite
00006551   PWMGenConfigure
00006be5   PWMGenEnable
00006a6d   PWMGenPeriodSet
000069ef   PWMOutputState
000066b5   PWMPulseWidthSet
UNDEFED    SHT$$INIT_ARRAY$$Base
UNDEFED    SHT$$INIT_ARRAY$$Limit
00005f8d   SysCtlPeripheralEnable
200044a0   TSK_idle
00000000   __ASM__
20002ae0   __CIOBUF_
00000066   __ISA__
00000079   __PLAT__
20003c10   __STACK_END
00001000   __STACK_SIZE
20002d10   __STACK_TOP
0000009a   __TARG__
00009e90   __TI_CINIT_Base
00009ea8   __TI_CINIT_Limit
00009e74   __TI_Handler_Table_Base
00009e80   __TI_Handler_Table_Limit
00000001   __TI_args_main
00004585   __TI_auto_init
20004654   __TI_cleanup_ptr
00006bad   __TI_decompress_none
00006cd1   __TI_decompress_rle24
20004658   __TI_dtors_ptr
0000515f   __TI_readmsg
00000000   __TI_static_base__
00005131   __TI_writemsg
00006a01   __TI_zero_init
000000c0   __TRDR__
000036d1   __aeabi_atexit
000056f5   __aeabi_d2iz
00003291   __aeabi_dmul
00004b2b   __aeabi_memclr
00004b2b   __aeabi_memclr4
00004b2b   __aeabi_memclr8
00004625   __aeabi_memcpy
00004625   __aeabi_memcpy4
00004625   __aeabi_memcpy8
00004b2d   __aeabi_memset
00004b2d   __aeabi_memset4
00004b2d   __aeabi_memset8
00006595   __aeabi_ui2d
ffffffff   __binit__
ffffffff   __c_args__
000036bf   __cxa_atexit
00003679   __cxa_finalize
000036b9   __cxa_ia64_exit
20002c10   __stack
00006ccb   __xdc__init
20004130   __xdc__init__addr
0000687d   _args_main
000053c5   _c_int00
2000464c   _lock
0000695f   _nop
00006957   _register_lock
00006951   _register_unlock
20004650   _unlock
0000597d   abort
000036c3   atexit
ffffffff   binit
00005935   copy_in
00005985   exit
00006863   free
0000936c   gpioHWAttrs
0000475d   main
20004668   main_func_sp
00006119   malloc
00004625   memcpy
00004b33   memset
00003b19   motors_init
00005bdd   set_pulse_width
00006a7d   strcpy
00006965   strlen
0000573d   system_init
00009698   ti_catalog_arm_cortexm4_tiva_ce_Boot_A_mustUseEnhancedClockMode__C
0000969c   ti_catalog_arm_cortexm4_tiva_ce_Boot_Module__diagsEnabled__C
000096a0   ti_catalog_arm_cortexm4_tiva_ce_Boot_Module__diagsIncluded__C
000096a4   ti_catalog_arm_cortexm4_tiva_ce_Boot_Module__diagsMask__C
0000964e   ti_catalog_arm_cortexm4_tiva_ce_Boot_Module__id__C
00006bd9   ti_catalog_arm_cortexm4_tiva_ce_Boot_init__I
00002e71   ti_catalog_arm_cortexm4_tiva_ce_Boot_sysCtlClockSetI__I
000047f1   ti_catalog_arm_cortexm4_tiva_ce_Boot_sysCtlClockSet__E
00006cd7   ti_catalog_arm_cortexm4_tiva_ce_Boot_sysCtlDelayI__I
000096a8   ti_sysbios_BIOS_Module__diagsEnabled__C
000096ac   ti_sysbios_BIOS_Module__diagsIncluded__C
000096b0   ti_sysbios_BIOS_Module__diagsMask__C
00009918   ti_sysbios_BIOS_Module__id__C
20003f70   ti_sysbios_BIOS_Module__state__V
00006d0d   ti_sysbios_BIOS_RtsGateProxy_enter__E
00006d11   ti_sysbios_BIOS_RtsGateProxy_leave__E
00006d25   ti_sysbios_BIOS_RtsGateProxy_query__E
00005785   ti_sysbios_BIOS_errorRaiseHook__I
00006029   ti_sysbios_BIOS_exitFunc__I
00006a8d   ti_sysbios_BIOS_getCpuFreq__E
000096b4   ti_sysbios_BIOS_installedErrorHook__C
0000475b   ti_sysbios_BIOS_nullFunc__I
00006431   ti_sysbios_BIOS_registerRTSLock__I
000066d5   ti_sysbios_BIOS_rtsLock__I
00004f99   ti_sysbios_BIOS_rtsUnlock__I
00006a9d   ti_sysbios_BIOS_setThreadType__E
00006455   ti_sysbios_BIOS_startFunc__I
00006aad   ti_sysbios_BIOS_start__E
2000456c   ti_sysbios_family_arm_lm4_Timer_Module_State_0_device__A
20003f98   ti_sysbios_family_arm_lm4_Timer_Module_State_0_handles__A
20003f90   ti_sysbios_family_arm_lm4_Timer_Module__root__V
00006895   ti_sysbios_family_arm_lm4_Timer_Module__startupDone__F
00006895   ti_sysbios_family_arm_lm4_Timer_Module__startupDone__S
20003fb0   ti_sysbios_family_arm_lm4_Timer_Module__state__V
000052b1   ti_sysbios_family_arm_lm4_Timer_Module_startup__E
000052b1   ti_sysbios_family_arm_lm4_Timer_Module_startup__F
200043d4   ti_sysbios_family_arm_lm4_Timer_Object__table__V
000096b8   ti_sysbios_family_arm_lm4_Timer_enableFunc__C
0000443d   ti_sysbios_family_arm_lm4_Timer_enableTimers__I
00004199   ti_sysbios_family_arm_lm4_Timer_enableTiva__I
00006d15   ti_sysbios_family_arm_lm4_Timer_getPeriod__E
00004c1d   ti_sysbios_family_arm_lm4_Timer_isrStub__E
00006bf1   ti_sysbios_family_arm_lm4_Timer_masterDisable__I
00006d19   ti_sysbios_family_arm_lm4_Timer_masterEnable__I
000096bc   ti_sysbios_family_arm_lm4_Timer_numTimerDevices__C
000014f9   ti_sysbios_family_arm_lm4_Timer_start__E
000096c0   ti_sysbios_family_arm_lm4_Timer_startupNeeded__C
00005c1d   ti_sysbios_family_arm_lm4_Timer_startup__E
000059bd   ti_sysbios_family_arm_lm4_Timer_stop__E
20003fbc   ti_sysbios_family_arm_lm4_TimestampProvider_Module__state__V
00006cdd   ti_sysbios_family_arm_lm4_TimestampProvider_Module_startup__E
00006cdd   ti_sysbios_family_arm_lm4_TimestampProvider_Module_startup__F
00003cb5   ti_sysbios_family_arm_lm4_TimestampProvider_get32__E
000028c9   ti_sysbios_family_arm_lm4_TimestampProvider_get64__E
00006a8d   ti_sysbios_family_arm_lm4_TimestampProvider_getFreq__E
00006abd   ti_sysbios_family_arm_lm4_TimestampProvider_rolloverFunc__E
00006bfd   ti_sysbios_family_arm_lm4_TimestampProvider_startTimer__E
0000991a   ti_sysbios_family_arm_lm4_TimestampProvider_useClockTimer__C
000096c4   ti_sysbios_family_arm_m3_Hwi_E_NMI__C
000096c8   ti_sysbios_family_arm_m3_Hwi_E_busFault__C
000096cc   ti_sysbios_family_arm_m3_Hwi_E_debugMon__C
000096d0   ti_sysbios_family_arm_m3_Hwi_E_hardFault__C
000096d4   ti_sysbios_family_arm_m3_Hwi_E_memFault__C
000096d8   ti_sysbios_family_arm_m3_Hwi_E_noIsr__C
000096dc   ti_sysbios_family_arm_m3_Hwi_E_reserved__C
000096e0   ti_sysbios_family_arm_m3_Hwi_E_svCall__C
000096e4   ti_sysbios_family_arm_m3_Hwi_E_usageFault__C
00006761   ti_sysbios_family_arm_m3_Hwi_Handle__label__S
000096e8   ti_sysbios_family_arm_m3_Hwi_LD_end__C
000096ec   ti_sysbios_family_arm_m3_Hwi_LM_begin__C
20003c10   ti_sysbios_family_arm_m3_Hwi_Module_State_0_dispatchTable__A
20003fcc   ti_sysbios_family_arm_m3_Hwi_Module_State_0_excActive__A
20003fd0   ti_sysbios_family_arm_m3_Hwi_Module_State_0_excContext__A
20003fd4   ti_sysbios_family_arm_m3_Hwi_Module_State_0_excStack__A
000096f0   ti_sysbios_family_arm_m3_Hwi_Module__diagsEnabled__C
000096f4   ti_sysbios_family_arm_m3_Hwi_Module__diagsIncluded__C
000096f8   ti_sysbios_family_arm_m3_Hwi_Module__diagsMask__C
0000991c   ti_sysbios_family_arm_m3_Hwi_Module__id__C
0000991e   ti_sysbios_family_arm_m3_Hwi_Module__loggerDefined__C
000096fc   ti_sysbios_family_arm_m3_Hwi_Module__loggerFxn1__C
00009700   ti_sysbios_family_arm_m3_Hwi_Module__loggerFxn8__C
00009704   ti_sysbios_family_arm_m3_Hwi_Module__loggerObj__C
20003fc4   ti_sysbios_family_arm_m3_Hwi_Module__root__V
000068ad   ti_sysbios_family_arm_m3_Hwi_Module__startupDone__F
000068ad   ti_sysbios_family_arm_m3_Hwi_Module__startupDone__S
20004444   ti_sysbios_family_arm_m3_Hwi_Module__state__V
000044e1   ti_sysbios_family_arm_m3_Hwi_Module_startup__E
000044e1   ti_sysbios_family_arm_m3_Hwi_Module_startup__F
00009708   ti_sysbios_family_arm_m3_Hwi_NUM_INTERRUPTS__C
2000459c   ti_sysbios_family_arm_m3_Hwi_Object__table__V
0000970c   ti_sysbios_family_arm_m3_Hwi_ccr__C
00006c09   ti_sysbios_family_arm_m3_Hwi_disableFxn__E
00005a01   ti_sysbios_family_arm_m3_Hwi_disableInterrupt__E
00002035   ti_sysbios_family_arm_m3_Hwi_dispatchC__I
00009710   ti_sysbios_family_arm_m3_Hwi_dispatchTable__C
00002665   ti_sysbios_family_arm_m3_Hwi_dispatch__I
00006cad   ti_sysbios_family_arm_m3_Hwi_doSwiRestore__I
00006479   ti_sysbios_family_arm_m3_Hwi_doTaskRestore__I
00005a45   ti_sysbios_family_arm_m3_Hwi_enableInterrupt__E
00001ad9   ti_sysbios_family_arm_m3_Hwi_excBusFault__I
00003f89   ti_sysbios_family_arm_m3_Hwi_excDebugMon__I
00000361   ti_sysbios_family_arm_m3_Hwi_excDumpRegs__I
00002779   ti_sysbios_family_arm_m3_Hwi_excHandlerAsm__I
00009714   ti_sysbios_family_arm_m3_Hwi_excHandlerFunc__C
00001729   ti_sysbios_family_arm_m3_Hwi_excHandlerMax__I
00006acd   ti_sysbios_family_arm_m3_Hwi_excHandler__I
00003d6d   ti_sysbios_family_arm_m3_Hwi_excHardFault__I
00009650   ti_sysbios_family_arm_m3_Hwi_excHookFuncs__A
00009718   ti_sysbios_family_arm_m3_Hwi_excHookFuncs__C
00002175   ti_sysbios_family_arm_m3_Hwi_excMemFault__I
00005fc1   ti_sysbios_family_arm_m3_Hwi_excNmi__I
00005dcd   ti_sysbios_family_arm_m3_Hwi_excNoIsr__I
000057cd   ti_sysbios_family_arm_m3_Hwi_excReserved__I
00005cdd   ti_sysbios_family_arm_m3_Hwi_excSvCall__I
00001d9d   ti_sysbios_family_arm_m3_Hwi_excUsageFault__I
00005e05   ti_sysbios_family_arm_m3_Hwi_getStackInfo__E
00003949   ti_sysbios_family_arm_m3_Hwi_initNVIC__E
000062fd   ti_sysbios_family_arm_m3_Hwi_initStacks__E
e000e000   ti_sysbios_family_arm_m3_Hwi_nvic
0000273b   ti_sysbios_family_arm_m3_Hwi_pendSV__I
0000971c   ti_sysbios_family_arm_m3_Hwi_priGroup__C
0000915c   ti_sysbios_family_arm_m3_Hwi_priorities__A
00009720   ti_sysbios_family_arm_m3_Hwi_priorities__C
20000000   ti_sysbios_family_arm_m3_Hwi_ramVectors
00000000   ti_sysbios_family_arm_m3_Hwi_resetVectors
00006ce3   ti_sysbios_family_arm_m3_Hwi_restoreFxn__E
0000275f   ti_sysbios_family_arm_m3_Hwi_return
00006cb5   ti_sysbios_family_arm_m3_Hwi_startup__E
00006979   ti_sysbios_family_arm_m3_Hwi_switchFromBootStack__E
00006d1d   ti_sysbios_family_arm_m3_TaskSupport_Module__startupDone__S
00004919   ti_sysbios_family_arm_m3_TaskSupport_buildTaskStack
00006c15   ti_sysbios_family_arm_m3_TaskSupport_checkStack__E
00006add   ti_sysbios_family_arm_m3_TaskSupport_glue
00005e3d   ti_sysbios_family_arm_m3_TaskSupport_start__E
000068c5   ti_sysbios_family_arm_m3_TaskSupport_swap__E
[...]
00006c09   ti_sysbios_hal_Hwi_disable__E
00006c15   ti_sysbios_family_arm_m3_TaskSupport_checkStack__E
00006c15   ti_sysbios_knl_Task_SupportProxy_checkStack__E
00006c21   ti_sysbios_family_xxx_Hwi_switchToTaskStack
00006c2d   ti_sysbios_gates_GateHwi_enter__E
00006c39   ti_sysbios_knl_Queue_Object__get__S
00006c45   ti_sysbios_utils_Load_taskRegHook__E
00006c51   xdc_runtime_Error_init__E
00006c51   xdc_runtime_Error_init__F
00006c5d   xdc_runtime_Gate_enterSystem__E
00006c5d   xdc_runtime_Gate_enterSystem__F
00006c69   xdc_runtime_Memory_calloc__E
00006c69   xdc_runtime_Memory_calloc__F
00006c75   xdc_runtime_Memory_getMaxDefaultTypeAlign__E
00006c75   xdc_runtime_Memory_getMaxDefaultTypeAlign__F
00006c81   xdc_runtime_System_exit__E
00006c81   xdc_runtime_System_exit__F
00006c8d   xdc_runtime_System_lastFxn__I
00006cad   ti_sysbios_family_arm_m3_Hwi_doSwiRestore__I
00006cb5   ti_sysbios_family_arm_m3_Hwi_startup__E
00006cb5   ti_sysbios_hal_Hwi_HwiProxy_startup__E
00006cb5   ti_sysbios_hal_Hwi_startup__E
00006cbd   ti_sysbios_knl_Idle_loop__E
00006cc5   GPIOPinWrite
00006ccb   __xdc__init
00006cd1   __TI_decompress_rle24
00006cd7   ti_catalog_arm_cortexm4_tiva_ce_Boot_sysCtlDelayI__I
00006cdd   ti_sysbios_family_arm_lm4_TimestampProvider_Module_startup__E
00006cdd   ti_sysbios_family_arm_lm4_TimestampProvider_Module_startup__F
00006ce3   ti_sysbios_family_arm_m3_Hwi_restoreFxn__E
00006ce3   ti_sysbios_hal_Hwi_HwiProxy_restore__E
00006ce3   ti_sysbios_hal_Hwi_restore__E
00006ce9   ti_sysbios_gates_GateHwi_leave__E
00006cef   ti_sysbios_heaps_HeapMem_isBlocking__E
00006cf5   ti_sysbios_knl_Queue_Instance_init__F
00006cfb   ti_uia_runtime_LoggerStopMode_getPriority__E
00006d01   ti_uia_runtime_LoggerStopMode_getTransferType__E
00006d01   ti_uia_runtime_LoggerStopMode_getTransferType__F
00006d07   xdc_runtime_System_Module_startup__E
00006d07   xdc_runtime_System_Module_startup__F
00006d0d   ti_sysbios_BIOS_RtsGateProxy_enter__E
00006d11   ti_sysbios_BIOS_RtsGateProxy_leave__E
00006d15   ti_sysbios_family_arm_lm4_Timer_getPeriod__E
00006d19   ti_sysbios_family_arm_lm4_Timer_masterEnable__I
00006d1d   ti_sysbios_family_arm_m3_TaskSupport_Module__startupDone__S
00006d21   ti_sysbios_gates_GateHwi_query__E
00006d21   ti_sysbios_gates_GateHwi_query__F
00006d21   xdc_runtime_Main_Module_GateProxy_query__E
00006d21   xdc_runtime_System_Module_GateProxy_query__E
00006d25   ti_sysbios_BIOS_RtsGateProxy_query__E
00006d25   ti_sysbios_gates_GateMutex_query__E
00006d25   ti_sysbios_gates_GateMutex_query__F
00006d25   ti_sysbios_heaps_HeapMem_Module_GateProxy_query__E
00006d29   ti_sysbios_hal_Hwi_HwiProxy_Module__startupDone__S
00006d2d   ti_sysbios_hal_Timer_TimerProxy_Module__startupDone__S
00006d31   ti_sysbios_hal_Timer_TimerProxy_getPeriod__E
00006d35   ti_sysbios_heaps_HeapMem_Module_GateProxy_enter__E
00006d39   ti_sysbios_heaps_HeapMem_Module_GateProxy_leave__E
00006d3d   ti_sysbios_knl_Task_SupportProxy_Module__startupDone__S
00006d41   ti_sysbios_knl_Task_startup__E
00006d45   ti_uia_runtime_LogSync_CpuTimestampProxy_Module__startupDone__S
00006d49   ti_uia_runtime_LogSync_GlobalTimestampProxy_Module__startupDone__S
00006d4d   ti_uia_runtime_LoggerStopMode_getInstanceId__E
00006d51   ti_uia_runtime_LoggerStopMode_getMaxLength__E
00006d55   ti_uia_runtime_LoggerStopMode_setPriority__E
00006d59   xdc_runtime_Error_getSite__E
00006d59   xdc_runtime_Error_getSite__F
00006d5d   xdc_runtime_Memory_HeapProxy_alloc__E
00006d61   xdc_runtime_Memory_HeapProxy_free__E
00006d65   xdc_runtime_System_Module_GateProxy_enter__E
00006d69   xdc_runtime_System_Module_GateProxy_leave__E
00006d6d   xdc_runtime_System_aprintf_va__F
00006d71   xdc_runtime_System_printf_va__F
00006d75   xdc_runtime_System_vsnprintf__E
00006d79   xdc_runtime_TimestampNull_Module__startupDone__S
00006d7d   xdc_runtime_Timestamp_Module__startupDone__S
00006d80   xdc_runtime_Text_charTab__A
00009048   xdc_runtime_Text_nodeTab__A
0000915c   ti_sysbios_family_arm_m3_Hwi_priorities__A
000092c4   ti_uia_runtime_LoggerStopMode_Module__FXNS__C
0000936c   gpioHWAttrs
000093a8   ti_sysbios_knl_Task_hooks__A
000093d8   ti_uia_runtime_LoggerStopMode_Object__PARAMS__C
00009408   xdc_runtime_Startup_sfxnTab__A
00009438   ti_sysbios_heaps_HeapMem_Module__FXNS__C
00009460   ti_sysbios_gates_GateHwi_Module__FXNS__C
00009484   ti_sysbios_gates_GateMutex_Module__FXNS__C
000094a8   ti_sysbios_heaps_HeapMem_Object__PARAMS__C
000094cc   ti_sysbios_knl_Semaphore_Object__PARAMS__C
000094f0   ti_sysbios_gates_GateHwi_Object__DESC__C
00009510   ti_sysbios_gates_GateMutex_Object__DESC__C
00009530   ti_sysbios_heaps_HeapMem_Object__DESC__C
00009550   ti_sysbios_knl_Queue_Object__DESC__C
00009570   ti_sysbios_knl_Semaphore_Object__DESC__C
00009590   ti_uia_runtime_LoggerStopMode_Object__DESC__C
000095b0   GPIO_config
000095c8   ti_sysbios_gates_GateHwi_Object__PARAMS__C
000095e0   ti_sysbios_gates_GateMutex_Object__PARAMS__C
000095f8   ti_sysbios_knl_Queue_Object__PARAMS__C
00009610   xdc_runtime_Startup_sfxnRts__A
00009628   xdc_runtime_Startup_firstFxns__A
0000964d   xdc_runtime_Error_policy__C
0000964e   ti_catalog_arm_cortexm4_tiva_ce_Boot_Module__id__C
00009650   ti_sysbios_family_arm_m3_Hwi_excHookFuncs__A
00009658   ti_sysbios_knl_Idle_coreList__A
00009660   ti_sysbios_knl_Idle_coreList__C
00009668   ti_sysbios_knl_Idle_funcList__A
00009670   ti_sysbios_knl_Idle_funcList__C
00009678   ti_sysbios_knl_Task_hooks__C
00009680   xdc_runtime_Startup_firstFxns__C
00009688   xdc_runtime_Startup_lastFxns__A
00009690   xdc_runtime_Startup_lastFxns__C
00009698   ti_catalog_arm_cortexm4_tiva_ce_Boot_A_mustUseEnhancedClockMode__C
0000969c   ti_catalog_arm_cortexm4_tiva_ce_Boot_Module__diagsEnabled__C
000096a0   ti_catalog_arm_cortexm4_tiva_ce_Boot_Module__diagsIncluded__C
000096a4   ti_catalog_arm_cortexm4_tiva_ce_Boot_Module__diagsMask__C
000096a8   ti_sysbios_BIOS_Module__diagsEnabled__C
000096ac   ti_sysbios_BIOS_Module__diagsIncluded__C
000096b0   ti_sysbios_BIOS_Module__diagsMask__C
000096b4   ti_sysbios_BIOS_installedErrorHook__C
000096b8   ti_sysbios_family_arm_lm4_Timer_enableFunc__C
000096bc   ti_sysbios_family_arm_lm4_Timer_numTimerDevices__C
000096c0   ti_sysbios_family_arm_lm4_Timer_startupNeeded__C
000096c4   ti_sysbios_family_arm_m3_Hwi_E_NMI__C
000096c8   ti_sysbios_family_arm_m3_Hwi_E_busFault__C
000096cc   ti_sysbios_family_arm_m3_Hwi_E_debugMon__C
000096d0   ti_sysbios_family_arm_m3_Hwi_E_hardFault__C
000096d4   ti_sysbios_family_arm_m3_Hwi_E_memFault__C
000096d8   ti_sysbios_family_arm_m3_Hwi_E_noIsr__C
000096dc   ti_sysbios_family_arm_m3_Hwi_E_reserved__C
000096e0   ti_sysbios_family_arm_m3_Hwi_E_svCall__C
000096e4   ti_sysbios_family_arm_m3_Hwi_E_usageFault__C
000096e8   ti_sysbios_family_arm_m3_Hwi_LD_end__C
000096ec   ti_sysbios_family_arm_m3_Hwi_LM_begin__C
000096f0   ti_sysbios_family_arm_m3_Hwi_Module__diagsEnabled__C
000096f4   ti_sysbios_family_arm_m3_Hwi_Module__diagsIncluded__C
000096f8   ti_sysbios_family_arm_m3_Hwi_Module__diagsMask__C
000096fc   ti_sysbios_family_arm_m3_Hwi_Module__loggerFxn1__C
00009700   ti_sysbios_family_arm_m3_Hwi_Module__loggerFxn8__C
00009704   ti_sysbios_family_arm_m3_Hwi_Module__loggerObj__C
00009708   ti_sysbios_family_arm_m3_Hwi_NUM_INTERRUPTS__C
0000970c   ti_sysbios_family_arm_m3_Hwi_ccr__C
00009710   ti_sysbios_family_arm_m3_Hwi_dispatchTable__C
00009714   ti_sysbios_family_arm_m3_Hwi_excHandlerFunc__C
00009718   ti_sysbios_family_arm_m3_Hwi_excHookFuncs__C
0000971c   ti_sysbios_family_arm_m3_Hwi_priGroup__C
00009720   ti_sysbios_family_arm_m3_Hwi_priorities__C
00009724   ti_sysbios_gates_GateMutex_A_badContext__C
00009728   ti_sysbios_gates_GateMutex_Instance_State_sem__O
0000972c   ti_sysbios_gates_GateMutex_Module__diagsEnabled__C
00009730   ti_sysbios_gates_GateMutex_Module__diagsIncluded__C
00009734   ti_sysbios_gates_GateMutex_Module__diagsMask__C
00009738   ti_sysbios_hal_Hwi_E_stackOverflow__C
0000973c   ti_sysbios_heaps_HeapMem_A_align__C
00009740   ti_sysbios_heaps_HeapMem_A_heapSize__C
00009744   ti_sysbios_heaps_HeapMem_A_invalidFree__C
00009748   ti_sysbios_heaps_HeapMem_A_zeroBlock__C
0000974c   ti_sysbios_heaps_HeapMem_E_memory__C
00009750   ti_sysbios_heaps_HeapMem_Module__diagsEnabled__C
00009754   ti_sysbios_heaps_HeapMem_Module__diagsIncluded__C
00009758   ti_sysbios_heaps_HeapMem_Module__diagsMask__C
0000975c   ti_sysbios_heaps_HeapMem_Module__gateObj__C
00009760   ti_sysbios_heaps_HeapMem_Object__count__C
00009764   ti_sysbios_heaps_HeapMem_reqAlign__C
00009768   ti_sysbios_knl_Clock_LM_begin__C
0000976c   ti_sysbios_knl_Clock_LM_tick__C
00009770   ti_sysbios_knl_Clock_LW_delayed__C
00009774   ti_sysbios_knl_Clock_Module_State_clockQ__O
00009778   ti_sysbios_knl_Clock_Module__diagsEnabled__C
0000977c   ti_sysbios_knl_Clock_Module__diagsIncluded__C
00009780   ti_sysbios_knl_Clock_Module__diagsMask__C
00009784   ti_sysbios_knl_Clock_Module__loggerFxn1__C
00009788   ti_sysbios_knl_Clock_Module__loggerFxn2__C
0000978c   ti_sysbios_knl_Clock_Module__loggerObj__C
00009790   ti_sysbios_knl_Semaphore_A_badContext__C
00009794   ti_sysbios_knl_Semaphore_A_noEvents__C
00009798   ti_sysbios_knl_Semaphore_A_overflow__C
0000979c   ti_sysbios_knl_Semaphore_A_pendTaskDisabled__C
000097a0   ti_sysbios_knl_Semaphore_Instance_State_pendQ__O
000097a4   ti_sysbios_knl_Semaphore_LM_pend__C
000097a8   ti_sysbios_knl_Semaphore_LM_post__C
000097ac   ti_sysbios_knl_Semaphore_Module__diagsEnabled__C
000097b0   ti_sysbios_knl_Semaphore_Module__diagsIncluded__C
000097b4   ti_sysbios_knl_Semaphore_Module__diagsMask__C
000097b8   ti_sysbios_knl_Semaphore_Module__loggerFxn2__C
000097bc   ti_sysbios_knl_Semaphore_Module__loggerFxn4__C
000097c0   ti_sysbios_knl_Semaphore_Module__loggerObj__C
000097c4   ti_sysbios_knl_Swi_LD_end__C
000097c8   ti_sysbios_knl_Swi_LM_begin__C
000097cc   ti_sysbios_knl_Swi_LM_post__C
000097d0   ti_sysbios_knl_Swi_Module__diagsEnabled__C
000097d4   ti_sysbios_knl_Swi_Module__diagsIncluded__C
000097d8   ti_sysbios_knl_Swi_Module__diagsMask__C
000097dc   ti_sysbios_knl_Swi_Module__loggerFxn1__C
000097e0   ti_sysbios_knl_Swi_Module__loggerFxn4__C
000097e4   ti_sysbios_knl_Swi_Module__loggerObj__C
000097e8   ti_sysbios_knl_Swi_Object__count__C
000097ec   ti_sysbios_knl_Task_E_spOutOfBounds__C
000097f0   ti_sysbios_knl_Task_E_stackOverflow__C
000097f4   ti_sysbios_knl_Task_LD_block__C
000097f8   ti_sysbios_knl_Task_LD_exit__C
000097fc   ti_sysbios_knl_Task_LD_ready__C
00009800   ti_sysbios_knl_Task_LM_switch__C
00009804   ti_sysbios_knl_Task_Module_State_inactiveQ__O
00009808   ti_sysbios_knl_Task_Module__diagsEnabled__C
0000980c   ti_sysbios_knl_Task_Module__diagsIncluded__C
00009810   ti_sysbios_knl_Task_Module__diagsMask__C
00009814   ti_sysbios_knl_Task_Module__loggerFxn2__C
00009818   ti_sysbios_knl_Task_Module__loggerFxn4__C
0000981c   ti_sysbios_knl_Task_Module__loggerObj__C
00009820   ti_sysbios_knl_Task_Object__count__C
00009824   ti_sysbios_knl_Task_Object__heap__C
00009828   ti_sysbios_knl_Task_allBlockedFunc__C
0000982c   ti_sysbios_knl_Task_numConstructedTasks__C
00009830   ti_sysbios_utils_Load_LS_cpuLoad__C
00009834   ti_sysbios_utils_Load_LS_hwiLoad__C
00009838   ti_sysbios_utils_Load_LS_taskLoad__C
0000983c   ti_sysbios_utils_Load_Module_State_taskList__O
00009840   ti_sysbios_utils_Load_Module__diagsEnabled__C
00009844   ti_sysbios_utils_Load_Module__diagsIncluded__C
00009848   ti_sysbios_utils_Load_Module__diagsMask__C
0000984c   ti_sysbios_utils_Load_Module__loggerFxn1__C
00009850   ti_sysbios_utils_Load_Module__loggerFxn2__C
00009854   ti_sysbios_utils_Load_Module__loggerFxn4__C
00009858   ti_sysbios_utils_Load_Module__loggerObj__C
0000985c   ti_sysbios_utils_Load_postUpdate__C
00009860   ti_sysbios_utils_Load_windowInMs__C
00009864   ti_uia_runtime_ILoggerSnapshot_Interface__BASE__C
00009868   ti_uia_runtime_IUIATransfer_Interface__BASE__C
0000986c   ti_uia_runtime_LoggerStopMode_E_badLevel__C
00009870   ti_uia_runtime_LoggerStopMode_Object__count__C
00009874   ti_uia_runtime_LoggerStopMode_overflowLogger__C
00009878   ti_uia_runtime_LoggerStopMode_statusLogger__C
0000987c   xdc_runtime_Assert_E_assertFailed__C
00009880   xdc_runtime_Core_A_initializedParams__C
00009884   xdc_runtime_Core_Module__diagsEnabled__C
00009888   xdc_runtime_Core_Module__diagsIncluded__C
0000988c   xdc_runtime_Core_Module__diagsMask__C
00009890   xdc_runtime_Error_E_memory__C
00009894   xdc_runtime_Error_Module__diagsEnabled__C
00009898   xdc_runtime_Error_Module__diagsIncluded__C
0000989c   xdc_runtime_Error_Module__diagsMask__C
000098a0   xdc_runtime_Error_Module__loggerFxn8__C
000098a4   xdc_runtime_Error_Module__loggerObj__C
000098a8   xdc_runtime_Error_raiseHook__C
000098ac   xdc_runtime_IFilterLogger_Interface__BASE__C
000098b0   xdc_runtime_IGateProvider_Interface__BASE__C
000098b4   xdc_runtime_IHeap_Interface__BASE__C
000098b8   xdc_runtime_ILogger_Interface__BASE__C
000098bc   xdc_runtime_IModule_Interface__BASE__C
000098c0   xdc_runtime_Log_L_error__C
000098c4   xdc_runtime_Main_Module__diagsEnabled__C
000098c8   xdc_runtime_Main_Module__diagsIncluded__C
000098cc   xdc_runtime_Main_Module__diagsMask__C
000098d0   xdc_runtime_Main_Module__loggerFxn4__C
000098d4   xdc_runtime_Main_Module__loggerObj__C
000098d8   xdc_runtime_Memory_defaultHeapInstance__C
000098dc   xdc_runtime_Startup_execImpl__C
000098e0   xdc_runtime_Startup_maxPasses__C
000098e4   xdc_runtime_Startup_sfxnRts__C
000098e8   xdc_runtime_Startup_sfxnTab__C
000098ec   xdc_runtime_SysMin_bufSize__C
000098f0   xdc_runtime_SysMin_outputFunc__C
000098f4   xdc_runtime_System_Module__gateObj__C
000098f8   xdc_runtime_System_extendFxn__C
000098fc   xdc_runtime_System_maxAtexitHandlers__C
00009900   xdc_runtime_Text_charTab__C
00009904   xdc_runtime_Text_nameEmpty__C
00009908   xdc_runtime_Text_nameStatic__C
0000990c   xdc_runtime_Text_nameUnknown__C
00009910   xdc_runtime_Text_nodeTab__C
00009914   xdc_runtime_Text_visitRopeFxn__C
00009918   ti_sysbios_BIOS_Module__id__C
0000991a   ti_sysbios_family_arm_lm4_TimestampProvider_useClockTimer__C
0000991c   ti_sysbios_family_arm_m3_Hwi_Module__id__C
0000991e   ti_sysbios_family_arm_m3_Hwi_Module__loggerDefined__C
00009920   ti_sysbios_gates_GateMutex_Module__id__C
00009922   ti_sysbios_hal_Hwi_Module__id__C
00009924   ti_sysbios_heaps_HeapMem_Module__id__C
00009926   ti_sysbios_knl_Clock_Module__id__C
00009928   ti_sysbios_knl_Clock_Module__loggerDefined__C
0000992a   ti_sysbios_knl_Semaphore_Module__id__C
0000992c   ti_sysbios_knl_Semaphore_Module__loggerDefined__C
0000992e   ti_sysbios_knl_Swi_Module__id__C
00009930   ti_sysbios_knl_Swi_Module__loggerDefined__C
00009932   ti_sysbios_knl_Task_Module__id__C
00009934   ti_sysbios_knl_Task_Module__loggerDefined__C
00009936   ti_sysbios_knl_Task_initStackFlag__C
00009938   ti_sysbios_utils_Load_Module__id__C
0000993a   ti_sysbios_utils_Load_Module__loggerDefined__C
0000993c   ti_sysbios_utils_Load_autoAddTasks__C
0000993e   ti_sysbios_utils_Load_hwiEnabled__C
00009940   ti_sysbios_utils_Load_updateInIdle__C
00009942   ti_uia_runtime_LoggerStopMode_Module__id__C
00009944   ti_uia_runtime_LoggerStopMode_filterByLevel__C
00009946   ti_uia_runtime_LoggerStopMode_isTimestampEnabled__C
00009948   xdc_runtime_Core_Module__id__C
0000994a   xdc_runtime_Error_Module__loggerDefined__C
0000994c   xdc_runtime_Error_maxDepth__C
0000994e   xdc_runtime_Main_Module__id__C
00009950   xdc_runtime_Main_Module__loggerDefined__C
00009952   xdc_runtime_Memory_Module__id__C
00009954   xdc_runtime_SysMin_flushAtExit__C
00009956   xdc_runtime_Text_charCnt__C
00009958   xdc_runtime_Text_isLoaded__C
0000995a   xdc_runtime_Text_registryModsLastId__C
0000995c   xdc_runtime_Text_unnamedModsLastId__C
00009e74   __TI_Handler_Table_Base
00009e80   __TI_Handler_Table_Limit
00009e90   __TI_CINIT_Base
00009ea8   __TI_CINIT_Limit
20000000   ti_sysbios_family_arm_m3_Hwi_ramVectors
20000360   ti_sysbios_heaps_HeapMem_Instance_State_0_buf__A
20001360   ti_sysbios_knl_Task_Instance_State_0_stack__A
20001b60   ti_uia_runtime_LoggerStopMode_Instance_State_1_bufferArray__A
20001fe0   ti_uia_runtime_LoggerStopMode_Instance_State_2_bufferArray__A
20002460   xdc_runtime_SysMin_Module_State_0_outbuf__A
20002860   ti_uia_runtime_LoggerStopMode_Instance_State_0_bufferArray__A
20002ae0   __CIOBUF_
20002c08   ti_sysbios_knl_Task_Instance_State_0_hookEnv__A
20002c10   __stack
20002d10   __STACK_TOP
20003c10   __STACK_END
20003c10   ti_sysbios_family_arm_m3_Hwi_Module_State_0_dispatchTable__A
20003f70   ti_sysbios_BIOS_Module__state__V
20003f90   ti_sysbios_family_arm_lm4_Timer_Module__root__V
20003f98   ti_sysbios_family_arm_lm4_Timer_Module_State_0_handles__A
20003fb0   ti_sysbios_family_arm_lm4_Timer_Module__state__V
20003fbc   ti_sysbios_family_arm_lm4_TimestampProvider_Module__state__V
20003fc4   ti_sysbios_family_arm_m3_Hwi_Module__root__V
20003fcc   ti_sysbios_family_arm_m3_Hwi_Module_State_0_excActive__A
20003fd0   ti_sysbios_family_arm_m3_Hwi_Module_State_0_excContext__A
20003fd4   ti_sysbios_family_arm_m3_Hwi_Module_State_0_excStack__A
20003fd8   ti_sysbios_gates_GateHwi_Module__root__V
20003fe0   ti_sysbios_gates_GateHwi_Object__table__V
20003fe4   ti_sysbios_gates_GateMutex_Module__root__V
20003fec   ti_sysbios_hal_Hwi_Module__root__V
20003ff4   ti_sysbios_hal_Timer_Module__root__V
20003ffc   ti_sysbios_hal_Timer_Object__table__V
20004004   ti_sysbios_heaps_HeapMem_Module__root__V
2000400c   ti_sysbios_heaps_HeapMem_Object__table__V
20004024   ti_sysbios_knl_Clock_Module__root__V
2000402c   ti_sysbios_knl_Event_Module__root__V
20004038   ti_sysbios_knl_Queue_Module__root__V
20004040   ti_sysbios_knl_Semaphore_Module__root__V
2000404c   ti_sysbios_knl_Swi_Module__root__V
20004054   ti_sysbios_knl_Swi_Module__state__V
20004070   ti_sysbios_knl_Task_Module__root__V
2000407c   ti_sysbios_knl_Task_Module_State_0_idleTask__A
20004080   ti_sysbios_utils_Load_Module__root__V
20004084   ti_sysbios_utils_Load_Module_State_0_taskStartTime__A
20004088   ti_sysbios_utils_Load_Module_State_0_runningTask__A
2000408c   ti_sysbios_utils_Load_Module_State_0_taskEnv__A
200040a8   ti_uia_runtime_LogSync_Module__root__V
200040b0   ti_uia_runtime_LogSync_Module__state__V
200040bc   ti_uia_runtime_LoggerStopMode_Module__root__V
200040c4   ti_uia_runtime_LoggerStopMode_Module__state__V
200040cc   ti_uia_runtime_QueueDescriptor_Module__state__V
200040d8   xdc_runtime_Error_Module__state__V
200040da   xdc_runtime_Main_Module__root__V
200040dc   xdc_runtime_Memory_Module__state__V
200040e0   xdc_runtime_Registry_Module__state__V
200040e8   xdc_runtime_Startup_Module__state__V
200040f0   xdc_runtime_SysMin_Module__state__V
200040fc   xdc_runtime_System_Module_State_0_atexitHandlers__A
2000411c   xdc_runtime_System_Module__state__V
20004128   xdc_runtime_Text_Module__state__V
20004130   __xdc__init__addr
20004134   ti_uia_runtime_LoggerStopMode_Object__table__V
2000423c   ti_sysbios_utils_Load_Module__state__V
200042d4   ti_sysbios_knl_Swi_Module_State_0_readyQ__A
20004354   ti_sysbios_knl_Task_Module_State_0_readyQ__A
200043d4   ti_sysbios_family_arm_lm4_Timer_Object__table__V
20004444   ti_sysbios_family_arm_m3_Hwi_Module__state__V
200044a0   TSK_idle
200044a0   ti_sysbios_knl_Task_Object__table__V
200044f0   ti_sysbios_knl_Task_Module__state__V
20004534   ti_sysbios_gates_GateMutex_Object__table__V
2000456c   ti_sysbios_family_arm_lm4_Timer_Module_State_0_device__A
2000459c   ti_sysbios_family_arm_m3_Hwi_Object__table__V
200045cc   ti_sysbios_knl_Swi_Object__table__V
200045fc   ti_sysbios_knl_Clock_Module__state__V
2000464c   _lock
20004650   _unlock
20004654   __TI_cleanup_ptr
20004658   __TI_dtors_ptr
2000465c   ti_uia_runtime_QueueDescriptor_gPtrToFirstDescriptor
20004660   ti_uia_runtime_QueueDescriptor_gUpdateCount
20004668   main_func_sp
e000e000   ti_sysbios_family_arm_m3_Hwi_nvic
ffffffff   __binit__
ffffffff   __c_args__
ffffffff   binit
UNDEFED    SHT$$INIT_ARRAY$$Base
UNDEFED    SHT$$INIT_ARRAY$$Limit

[750 symbols]
